Archive member included to satisfy reference by file (symbol)

c:/st/stm32cubeide_1.4.0/stm32cubeide/plugins/com.st.stm32cube.ide.mcu.externaltools.gnu-tools-for-stm32.7-2018-q2-update.win32_1.4.0.202007081208/tools/bin/../lib/gcc/arm-none-eabi/7.3.1/../../../../arm-none-eabi/lib/thumb/v7e-m/fpv4-sp/hard\libc_nano.a(lib_a-errno.o)
                              Core/Src/syscalls.o (__errno)
c:/st/stm32cubeide_1.4.0/stm32cubeide/plugins/com.st.stm32cube.ide.mcu.externaltools.gnu-tools-for-stm32.7-2018-q2-update.win32_1.4.0.202007081208/tools/bin/../lib/gcc/arm-none-eabi/7.3.1/../../../../arm-none-eabi/lib/thumb/v7e-m/fpv4-sp/hard\libc_nano.a(lib_a-exit.o)
                              c:/st/stm32cubeide_1.4.0/stm32cubeide/plugins/com.st.stm32cube.ide.mcu.externaltools.gnu-tools-for-stm32.7-2018-q2-update.win32_1.4.0.202007081208/tools/bin/../lib/gcc/arm-none-eabi/7.3.1/../../../../arm-none-eabi/lib/thumb/v7e-m/fpv4-sp/hard/crt0.o (exit)
c:/st/stm32cubeide_1.4.0/stm32cubeide/plugins/com.st.stm32cube.ide.mcu.externaltools.gnu-tools-for-stm32.7-2018-q2-update.win32_1.4.0.202007081208/tools/bin/../lib/gcc/arm-none-eabi/7.3.1/../../../../arm-none-eabi/lib/thumb/v7e-m/fpv4-sp/hard\libc_nano.a(lib_a-impure.o)
                              c:/st/stm32cubeide_1.4.0/stm32cubeide/plugins/com.st.stm32cube.ide.mcu.externaltools.gnu-tools-for-stm32.7-2018-q2-update.win32_1.4.0.202007081208/tools/bin/../lib/gcc/arm-none-eabi/7.3.1/../../../../arm-none-eabi/lib/thumb/v7e-m/fpv4-sp/hard\libc_nano.a(lib_a-exit.o) (_global_impure_ptr)
c:/st/stm32cubeide_1.4.0/stm32cubeide/plugins/com.st.stm32cube.ide.mcu.externaltools.gnu-tools-for-stm32.7-2018-q2-update.win32_1.4.0.202007081208/tools/bin/../lib/gcc/arm-none-eabi/7.3.1/../../../../arm-none-eabi/lib/thumb/v7e-m/fpv4-sp/hard\libc_nano.a(lib_a-init.o)
                              c:/st/stm32cubeide_1.4.0/stm32cubeide/plugins/com.st.stm32cube.ide.mcu.externaltools.gnu-tools-for-stm32.7-2018-q2-update.win32_1.4.0.202007081208/tools/bin/../lib/gcc/arm-none-eabi/7.3.1/../../../../arm-none-eabi/lib/thumb/v7e-m/fpv4-sp/hard/crt0.o (__libc_init_array)
c:/st/stm32cubeide_1.4.0/stm32cubeide/plugins/com.st.stm32cube.ide.mcu.externaltools.gnu-tools-for-stm32.7-2018-q2-update.win32_1.4.0.202007081208/tools/bin/../lib/gcc/arm-none-eabi/7.3.1/../../../../arm-none-eabi/lib/thumb/v7e-m/fpv4-sp/hard\libc_nano.a(lib_a-memset.o)
                              c:/st/stm32cubeide_1.4.0/stm32cubeide/plugins/com.st.stm32cube.ide.mcu.externaltools.gnu-tools-for-stm32.7-2018-q2-update.win32_1.4.0.202007081208/tools/bin/../lib/gcc/arm-none-eabi/7.3.1/../../../../arm-none-eabi/lib/thumb/v7e-m/fpv4-sp/hard/crt0.o (memset)
c:/st/stm32cubeide_1.4.0/stm32cubeide/plugins/com.st.stm32cube.ide.mcu.externaltools.gnu-tools-for-stm32.7-2018-q2-update.win32_1.4.0.202007081208/tools/bin/../lib/gcc/arm-none-eabi/7.3.1/../../../../arm-none-eabi/lib/thumb/v7e-m/fpv4-sp/hard\libm.a(lib_a-s_fmin.o)
                              Core/Src/main.o (fmin)
c:/st/stm32cubeide_1.4.0/stm32cubeide/plugins/com.st.stm32cube.ide.mcu.externaltools.gnu-tools-for-stm32.7-2018-q2-update.win32_1.4.0.202007081208/tools/bin/../lib/gcc/arm-none-eabi/7.3.1/../../../../arm-none-eabi/lib/thumb/v7e-m/fpv4-sp/hard\libm.a(lib_a-s_fpclassify.o)
                              c:/st/stm32cubeide_1.4.0/stm32cubeide/plugins/com.st.stm32cube.ide.mcu.externaltools.gnu-tools-for-stm32.7-2018-q2-update.win32_1.4.0.202007081208/tools/bin/../lib/gcc/arm-none-eabi/7.3.1/../../../../arm-none-eabi/lib/thumb/v7e-m/fpv4-sp/hard\libm.a(lib_a-s_fmin.o) (__fpclassifyd)
c:/st/stm32cubeide_1.4.0/stm32cubeide/plugins/com.st.stm32cube.ide.mcu.externaltools.gnu-tools-for-stm32.7-2018-q2-update.win32_1.4.0.202007081208/tools/bin/../lib/gcc/arm-none-eabi/7.3.1/thumb/v7e-m/fpv4-sp/hard\libgcc.a(_arm_addsubdf3.o)
                              Core/Src/main.o (__aeabi_dsub)
c:/st/stm32cubeide_1.4.0/stm32cubeide/plugins/com.st.stm32cube.ide.mcu.externaltools.gnu-tools-for-stm32.7-2018-q2-update.win32_1.4.0.202007081208/tools/bin/../lib/gcc/arm-none-eabi/7.3.1/thumb/v7e-m/fpv4-sp/hard\libgcc.a(_arm_muldivdf3.o)
                              Core/Src/main.o (__aeabi_dmul)
c:/st/stm32cubeide_1.4.0/stm32cubeide/plugins/com.st.stm32cube.ide.mcu.externaltools.gnu-tools-for-stm32.7-2018-q2-update.win32_1.4.0.202007081208/tools/bin/../lib/gcc/arm-none-eabi/7.3.1/thumb/v7e-m/fpv4-sp/hard\libgcc.a(_arm_cmpdf2.o)
                              Core/Src/main.o (__aeabi_dcmplt)
c:/st/stm32cubeide_1.4.0/stm32cubeide/plugins/com.st.stm32cube.ide.mcu.externaltools.gnu-tools-for-stm32.7-2018-q2-update.win32_1.4.0.202007081208/tools/bin/../lib/gcc/arm-none-eabi/7.3.1/thumb/v7e-m/fpv4-sp/hard\libgcc.a(_aeabi_uldivmod.o)
                              Drivers/STM32F7xx_HAL_Driver/Src/stm32f7xx_hal_rcc.o (__aeabi_uldivmod)
[...]
Memory Configuration

Name             Origin             Length             Attributes
RAM              0x0000000020000000 0x0000000000040000 xrw
FLASH            0x0000000008000000 0x0000000000080000 xr
*default*        0x0000000000000000 0xffffffffffffffff

Linker script and memory map

LOAD c:/st/stm32cubeide_1.4.0/stm32cubeide/plugins/com.st.stm32cube.ide.mcu.externaltools.gnu-tools-for-stm32.7-2018-q2-update.win32_1.4.0.202007081208/tools/bin/../lib/gcc/arm-none-eabi/7.3.1/thumb/v7e-m/fpv4-sp/hard/crti.o
LOAD c:/st/stm32cubeide_1.4.0/stm32cubeide/plugins/com.st.stm32cube.ide.mcu.externaltools.gnu-tools-for-stm32.7-2018-q2-update.win32_1.4.0.202007081208/tools/bin/../lib/gcc/arm-none-eabi/7.3.1/thumb/v7e-m/fpv4-sp/hard/crtbegin.o
LOAD c:/st/stm32cubeide_1.4.0/stm32cubeide/plugins/com.st.stm32cube.ide.mcu.externaltools.gnu-tools-for-stm32.7-2018-q2-update.win32_1.4.0.202007081208/tools/bin/../lib/gcc/arm-none-eabi/7.3.1/../../../../arm-none-eabi/lib/thumb/v7e-m/fpv4-sp/hard/crt0.o
LOAD Core/Src/dma.o
LOAD Core/Src/gpio.o
LOAD Core/Src/main.o
LOAD Core/Src/spi.o
LOAD Core/Src/stm32f7xx_hal_msp.o
LOAD Core/Src/stm32f7xx_it.o
LOAD Core/Src/syscalls.o
LOAD Core/Src/sysmem.o
LOAD Core/Src/system_stm32f7xx.o
LOAD Core/Src/tim.o
LOAD Core/Src/usart.o
LOAD Core/Startup/startup_stm32f732retx.o
LOAD Drivers/STM32F7xx_HAL_Driver/Src/stm32f7xx_hal.o
LOAD Drivers/STM32F7xx_HAL_Driver/Src/stm32f7xx_hal_cortex.o
LOAD Drivers/STM32F7xx_HAL_Driver/Src/stm32f7xx_hal_dma.o
LOAD Drivers/STM32F7xx_HAL_Driver/Src/stm32f7xx_hal_dma_ex.o
LOAD Drivers/STM32F7xx_HAL_Driver/Src/stm32f7xx_hal_exti.o
LOAD Drivers/STM32F7xx_HAL_Driver/Src/stm32f7xx_hal_flash.o
LOAD Drivers/STM32F7xx_HAL_Driver/Src/stm32f7xx_hal_flash_ex.o
LOAD Drivers/STM32F7xx_HAL_Driver/Src/stm32f7xx_hal_gpio.o
LOAD Drivers/STM32F7xx_HAL_Driver/Src/stm32f7xx_hal_i2c.o
LOAD Drivers/STM32F7xx_HAL_Driver/Src/stm32f7xx_hal_i2c_ex.o
LOAD Drivers/STM32F7xx_HAL_Driver/Src/stm32f7xx_hal_pwr.o
LOAD Drivers/STM32F7xx_HAL_Driver/Src/stm32f7xx_hal_pwr_ex.o
LOAD Drivers/STM32F7xx_HAL_Driver/Src/stm32f7xx_hal_rcc.o
LOAD Drivers/STM32F7xx_HAL_Driver/Src/stm32f7xx_hal_rcc_ex.o
LOAD Drivers/STM32F7xx_HAL_Driver/Src/stm32f7xx_hal_spi.o
LOAD Drivers/STM32F7xx_HAL_Driver/Src/stm32f7xx_hal_spi_ex.o
LOAD Drivers/STM32F7xx_HAL_Driver/Src/stm32f7xx_hal_tim.o
LOAD Drivers/STM32F7xx_HAL_Driver/Src/stm32f7xx_hal_tim_ex.o
LOAD Drivers/STM32F7xx_HAL_Driver/Src/stm32f7xx_hal_uart.o
LOAD Drivers/STM32F7xx_HAL_Driver/Src/stm32f7xx_hal_uart_ex.o
START GROUP
LOAD c:/st/stm32cubeide_1.4.0/stm32cubeide/plugins/com.st.stm32cube.ide.mcu.externaltools.gnu-tools-for-stm32.7-2018-q2-update.win32_1.4.0.202007081208/tools/bin/../lib/gcc/arm-none-eabi/7.3.1/../../../../arm-none-eabi/lib/thumb/v7e-m/fpv4-sp/hard\libc_nano.a
LOAD c:/st/stm32cubeide_1.4.0/stm32cubeide/plugins/com.st.stm32cube.ide.mcu.externaltools.gnu-tools-for-stm32.7-2018-q2-update.win32_1.4.0.202007081208/tools/bin/../lib/gcc/arm-none-eabi/7.3.1/../../../../arm-none-eabi/lib/thumb/v7e-m/fpv4-sp/hard\libm.a
END GROUP
START GROUP
LOAD c:/st/stm32cubeide_1.4.0/stm32cubeide/plugins/com.st.stm32cube.ide.mcu.externaltools.gnu-tools-for-stm32.7-2018-q2-update.win32_1.4.0.202007081208/tools/bin/../lib/gcc/arm-none-eabi/7.3.1/thumb/v7e-m/fpv4-sp/hard\libgcc.a
LOAD c:/st/stm32cubeide_1.4.0/stm32cubeide/plugins/com.st.stm32cube.ide.mcu.externaltools.gnu-tools-for-stm32.7-2018-q2-update.win32_1.4.0.202007081208/tools/bin/../lib/gcc/arm-none-eabi/7.3.1/../../../../arm-none-eabi/lib/thumb/v7e-m/fpv4-sp/hard\libc_nano.a
END GROUP
START GROUP
LOAD c:/st/stm32cubeide_1.4.0/stm32cubeide/plugins/com.st.stm32cube.ide.mcu.externaltools.gnu-tools-for-stm32.7-2018-q2-update.win32_1.4.0.202007081208/tools/bin/../lib/gcc/arm-none-eabi/7.3.1/thumb/v7e-m/fpv4-sp/hard\libgcc.a
LOAD c:/st/stm32cubeide_1.4.0/stm32cubeide/plugins/com.st.stm32cube.ide.mcu.externaltools.gnu-tools-for-stm32.7-2018-q2-update.win32_1.4.0.202007081208/tools/bin/../lib/gcc/arm-none-eabi/7.3.1/../../../../arm-none-eabi/lib/thumb/v7e-m/fpv4-sp/hard\libc_nano.a
LOAD c:/st/stm32cubeide_1.4.0/stm32cubeide/plugins/com.st.stm32cube.ide.mcu.externaltools.gnu-tools-for-stm32.7-2018-q2-update.win32_1.4.0.202007081208/tools/bin/../lib/gcc/arm-none-eabi/7.3.1/../../../../arm-none-eabi/lib/thumb/v7e-m/fpv4-sp/hard\libnosys.a
END GROUP
START GROUP
LOAD c:/st/stm32cubeide_1.4.0/stm32cubeide/plugins/com.st.stm32cube.ide.mcu.externaltools.gnu-tools-for-stm32.7-2018-q2-update.win32_1.4.0.202007081208/tools/bin/../lib/gcc/arm-none-eabi/7.3.1/thumb/v7e-m/fpv4-sp/hard\libgcc.a
LOAD c:/st/stm32cubeide_1.4.0/stm32cubeide/plugins/com.st.stm32cube.ide.mcu.externaltools.gnu-tools-for-stm32.7-2018-q2-update.win32_1.4.0.202007081208/tools/bin/../lib/gcc/arm-none-eabi/7.3.1/../../../../arm-none-eabi/lib/thumb/v7e-m/fpv4-sp/hard\libc_nano.a
LOAD c:/st/stm32cubeide_1.4.0/stm32cubeide/plugins/com.st.stm32cube.ide.mcu.externaltools.gnu-tools-for-stm32.7-2018-q2-update.win32_1.4.0.202007081208/tools/bin/../lib/gcc/arm-none-eabi/7.3.1/../../../../arm-none-eabi/lib/thumb/v7e-m/fpv4-sp/hard\libnosys.a
END GROUP
LOAD c:/st/stm32cubeide_1.4.0/stm32cubeide/plugins/com.st.stm32cube.ide.mcu.externaltools.gnu-tools-for-stm32.7-2018-q2-update.win32_1.4.0.202007081208/tools/bin/../lib/gcc/arm-none-eabi/7.3.1/thumb/v7e-m/fpv4-sp/hard/crtend.o
LOAD c:/st/stm32cubeide_1.4.0/stm32cubeide/plugins/com.st.stm32cube.ide.mcu.externaltools.gnu-tools-for-stm32.7-2018-q2-update.win32_1.4.0.202007081208/tools/bin/../lib/gcc/arm-none-eabi/7.3.1/thumb/v7e-m/fpv4-sp/hard/crtn.o
                0x0000000020040000                _estack = (ORIGIN (RAM) + LENGTH (RAM))
                0x0000000000000200                _Min_Heap_Size = 0x200
                0x0000000000000400                _Min_Stack_Size = 0x400

.isr_vector     0x0000000008000000      0x1e0
                0x0000000008000000                . = ALIGN (0x4)
 *(.isr_vector)
 .isr_vector    0x0000000008000000      0x1e0 Core/Startup/startup_stm32f732retx.o
                0x0000000008000000                g_pfnVectors
                0x00000000080001e0                . = ALIGN (0x4)

.text           0x00000000080001e0     0x5334
                0x00000000080001e0                . = ALIGN (0x4)
 *(.text)
 .text          0x00000000080001e0       0x40 c:/st/stm32cubeide_1.4.0/stm32cubeide/plugins/com.st.stm32cube.ide.mcu.externaltools.gnu-tools-for-stm32.7-2018-q2-update.win32_1.4.0.202007081208/tools/bin/../lib/gcc/arm-none-eabi/7.3.1/thumb/v7e-m/fpv4-sp/hard/crtbegin.o
 .text          0x0000000008000220      0x378 c:/st/stm32cubeide_1.4.0/stm32cubeide/plugins/com.st.stm32cube.ide.mcu.externaltools.gnu-tools-for-stm32.7-2018-q2-update.win32_1.4.0.202007081208/tools/bin/../lib/gcc/arm-none-eabi/7.3.1/thumb/v7e-m/fpv4-sp/hard\libgcc.a(_arm_addsubdf3.o)
                0x0000000008000220                __aeabi_drsub
                0x0000000008000228                __aeabi_dsub
                0x0000000008000228                __subdf3
                0x000000000800022c                __aeabi_dadd
                0x000000000800022c                __adddf3
                0x00000000080004a4                __floatunsidf
                0x00000000080004a4                __aeabi_ui2d
                0x00000000080004c4                __floatsidf
                0x00000000080004c4                __aeabi_i2d
                0x00000000080004e8                __aeabi_f2d
                0x00000000080004e8                __extendsfdf2
                0x000000000800052c                __floatundidf
                0x000000000800052c                __aeabi_ul2d
                0x000000000800053c                __floatdidf
                0x000000000800053c                __aeabi_l2d
 .text          0x0000000008000598      0x424 c:/st/stm32cubeide_1.4.0/stm32cubeide/plugins/com.st.stm32cube.ide.mcu.externaltools.gnu-tools-for-stm32.7-2018-q2-update.win32_1.4.0.202007081208/tools/bin/../lib/gcc/arm-none-eabi/7.3.1/thumb/v7e-m/fpv4-sp/hard\libgcc.a(_arm_muldivdf3.o)
                0x0000000008000598                __aeabi_dmul
                0x0000000008000598                __muldf3
                0x00000000080007ec                __divdf3
                0x00000000080007ec                __aeabi_ddiv
 .text          0x00000000080009bc      0x110 c:/st/stm32cubeide_1.4.0/stm32cubeide/plugins/com.st.stm32cube.ide.mcu.externaltools.gnu-tools-for-stm32.7-2018-q2-update.win32_1.4.0.202007081208/tools/bin/../lib/gcc/arm-none-eabi/7.3.1/thumb/v7e-m/fpv4-sp/hard\libgcc.a(_arm_cmpdf2.o)
                0x00000000080009bc                __gtdf2
                0x00000000080009bc                __gedf2
                0x00000000080009c4                __ltdf2
                0x00000000080009c4                __ledf2
                0x00000000080009cc                __nedf2
                0x00000000080009cc                __eqdf2
                0x00000000080009cc                __cmpdf2
                0x0000000008000a48                __aeabi_cdrcmple
                0x0000000008000a58                __aeabi_cdcmpeq
                0x0000000008000a58                __aeabi_cdcmple
                0x0000000008000a68                __aeabi_dcmpeq
                0x0000000008000a7c                __aeabi_dcmplt
                0x0000000008000a90                __aeabi_dcmple
                0x0000000008000aa4                __aeabi_dcmpge
                0x0000000008000ab8                __aeabi_dcmpgt
 .text          0x0000000008000acc       0x30 c:/st/stm32cubeide_1.4.0/stm32cubeide/plugins/com.st.stm32cube.ide.mcu.externaltools.gnu-tools-for-stm32.7-2018-q2-update.win32_1.4.0.202007081208/tools/bin/../lib/gcc/arm-none-eabi/7.3.1/thumb/v7e-m/fpv4-sp/hard\libgcc.a(_aeabi_uldivmod.o)
                0x0000000008000acc                __aeabi_uldivmod
 .text          0x0000000008000afc      0x2cc c:/st/stm32cubeide_1.4.0/stm32cubeide/plugins/com.st.stm32cube.ide.mcu.externaltools.gnu-tools-for-stm32.7-2018-q2-update.win32_1.4.0.202007081208/tools/bin/../lib/gcc/arm-none-eabi/7.3.1/thumb/v7e-m/fpv4-sp/hard\libgcc.a(_udivmoddi4.o)
                0x0000000008000afc                __udivmoddi4
 .text          0x0000000008000dc8        0x4 c:/st/stm32cubeide_1.4.0/stm32cubeide/plugins/com.st.stm32cube.ide.mcu.externaltools.gnu-tools-for-stm32.7-2018-q2-update.win32_1.4.0.202007081208/tools/bin/../lib/gcc/arm-none-eabi/7.3.1/thumb/v7e-m/fpv4-sp/hard\libgcc.a(_dvmd_tls.o)
                0x0000000008000dc8                __aeabi_idiv0
                0x0000000008000dc8                __aeabi_ldiv0
 *(.text*)
 .text.MX_DMA_Init
                0x0000000008000dcc       0x64 Core/Src/dma.o
                0x0000000008000dcc                MX_DMA_Init
 .text.MX_GPIO_Init
                0x0000000008000e30      0x1c0 Core/Src/gpio.o
                0x0000000008000e30                MX_GPIO_Init
 .text.main     0x0000000008000ff0      0x46c Core/Src/main.o
                0x0000000008000ff0                main
 .text.SystemClock_Config
                0x000000000800145c      0x120 Core/Src/main.o
                0x000000000800145c                SystemClock_Config
 *fill*         0x000000000800157c        0x4 
 .text.PWM_Full_Duty
                0x0000000008001580       0x28 Core/Src/main.o
                0x0000000008001580                PWM_Full_Duty
 .text.PWM      0x00000000080015a8      0x138 Core/Src/main.o
                0x00000000080015a8                PWM
 .text.HAL_TIM_PeriodElapsedCallback
                0x00000000080016e0       0x14 Core/Src/main.o
                0x00000000080016e0                HAL_TIM_PeriodElapsedCallback
 .text.HAL_UART_RxCpltCallback
                0x00000000080016f4       0x24 Core/Src/main.o
                0x00000000080016f4                HAL_UART_RxCpltCallback
 .text.HAL_GPIO_EXTI_Callback
                0x0000000008001718       0x80 Core/Src/main.o
                0x0000000008001718                HAL_GPIO_EXTI_Callback
 .text.Error_Handler
                0x0000000008001798        0xe Core/Src/main.o
                0x0000000008001798                Error_Handler
 *fill*         0x00000000080017a6        0x2 
 .text.MX_SPI1_Init
                0x00000000080017a8       0x7c Core/Src/spi.o
                0x00000000080017a8                MX_SPI1_Init
 .text.HAL_SPI_MspInit
                0x0000000008001824       0x88 Core/Src/spi.o
                0x0000000008001824                HAL_SPI_MspInit
 .text.HAL_MspInit
                0x00000000080018ac       0x48 Core/Src/stm32f7xx_hal_msp.o
                0x00000000080018ac                HAL_MspInit
 .text.NMI_Handler
                0x00000000080018f4        0xe Core/Src/stm32f7xx_it.o
                0x00000000080018f4                NMI_Handler
 .text.HardFault_Handler
                0x0000000008001902        0x6 Core/Src/stm32f7xx_it.o
                0x0000000008001902                HardFault_Handler
 .text.MemManage_Handler
                0x0000000008001908        0x6 Core/Src/stm32f7xx_it.o
                0x0000000008001908                MemManage_Handler
 .text.BusFault_Handler
                0x000000000800190e        0x6 Core/Src/stm32f7xx_it.o
                0x000000000800190e                BusFault_Handler
 .text.UsageFault_Handler
                0x0000000008001914        0x6 Core/Src/stm32f7xx_it.o
                0x0000000008001914                UsageFault_Handler
 .text.SVC_Handler
                0x000000000800191a        0xe Core/Src/stm32f7xx_it.o
                0x000000000800191a                SVC_Handler
 .text.DebugMon_Handler
                0x0000000008001928        0xe Core/Src/stm32f7xx_it.o
                0x0000000008001928                DebugMon_Handler
 .text.PendSV_Handler
                0x0000000008001936        0xe Core/Src/stm32f7xx_it.o
                0x0000000008001936                PendSV_Handler
 .text.SysTick_Handler
                0x0000000008001944        0xc Core/Src/stm32f7xx_it.o
                0x0000000008001944                SysTick_Handler
 .text.DMA1_Stream5_IRQHandler
                0x0000000008001950       0x14 Core/Src/stm32f7xx_it.o
                0x0000000008001950                DMA1_Stream5_IRQHandler
 .text.EXTI9_5_IRQHandler
                0x0000000008001964       0x10 Core/Src/stm32f7xx_it.o
                0x0000000008001964                EXTI9_5_IRQHandler
 .text.TIM2_IRQHandler
                0x0000000008001974       0x14 Core/Src/stm32f7xx_it.o
                0x0000000008001974                TIM2_IRQHandler
 .text.USART1_IRQHandler
                0x0000000008001988       0x14 Core/Src/stm32f7xx_it.o
                0x0000000008001988                USART1_IRQHandler
 .text.USART2_IRQHandler
                0x000000000800199c       0x14 Core/Src/stm32f7xx_it.o
                0x000000000800199c                USART2_IRQHandler
 .text.EXTI15_10_IRQHandler
                0x00000000080019b0       0x10 Core/Src/stm32f7xx_it.o
                0x00000000080019b0                EXTI15_10_IRQHandler
 .text.DMA2_Stream2_IRQHandler
                0x00000000080019c0       0x14 Core/Src/stm32f7xx_it.o
                0x00000000080019c0                DMA2_Stream2_IRQHandler
 .text.SystemInit
                0x00000000080019d4       0x2c Core/Src/system_stm32f7xx.o
                0x00000000080019d4                SystemInit
 .text.MX_TIM2_Init
                0x0000000008001a00       0x9c Core/Src/tim.o
                0x0000000008001a00                MX_TIM2_Init
 .text.MX_TIM9_Init
                0x0000000008001a9c       0x74 Core/Src/tim.o
                0x0000000008001a9c                MX_TIM9_Init
 .text.HAL_TIM_Base_MspInit
                0x0000000008001b10       0x70 Core/Src/tim.o
                0x0000000008001b10                HAL_TIM_Base_MspInit
 .text.MX_USART1_UART_Init
                0x0000000008001b80       0x60 Core/Src/usart.o
                0x0000000008001b80                MX_USART1_UART_Init
 .text.MX_USART2_UART_Init
                0x0000000008001be0       0x60 Core/Src/usart.o
                0x0000000008001be0                MX_USART2_UART_Init
 .text.HAL_UART_MspInit
                0x0000000008001c40      0x1d4 Core/Src/usart.o
                0x0000000008001c40                HAL_UART_MspInit
 .text.Reset_Handler
                0x0000000008001e14       0x50 Core/Startup/startup_stm32f732retx.o
                0x0000000008001e14                Reset_Handler
 .text.Default_Handler
                0x0000000008001e64        0x2 Core/Startup/startup_stm32f732retx.o
                0x0000000008001e64                RTC_Alarm_IRQHandler
                0x0000000008001e64                EXTI2_IRQHandler
                0x0000000008001e64                TIM8_CC_IRQHandler
                0x0000000008001e64                UART8_IRQHandler
                0x0000000008001e64                SPI4_IRQHandler
                0x0000000008001e64                TIM1_CC_IRQHandler
                0x0000000008001e64                DMA2_Stream5_IRQHandler
                0x0000000008001e64                PVD_IRQHandler
                0x0000000008001e64                TAMP_STAMP_IRQHandler
                0x0000000008001e64                EXTI3_IRQHandler
                0x0000000008001e64                TIM8_TRG_COM_TIM14_IRQHandler
                0x0000000008001e64                TIM1_UP_TIM10_IRQHandler
                0x0000000008001e64                TIM8_UP_TIM13_IRQHandler
                0x0000000008001e64                I2C3_ER_IRQHandler
                0x0000000008001e64                EXTI0_IRQHandler
                0x0000000008001e64                I2C2_EV_IRQHandler
                0x0000000008001e64                DMA1_Stream2_IRQHandler
                0x0000000008001e64                CAN1_RX0_IRQHandler
                0x0000000008001e64                FPU_IRQHandler
                0x0000000008001e64                OTG_HS_WKUP_IRQHandler
                0x0000000008001e64                SPI1_IRQHandler
                0x0000000008001e64                TIM6_DAC_IRQHandler
                0x0000000008001e64                TIM1_BRK_TIM9_IRQHandler
                0x0000000008001e64                DMA2_Stream3_IRQHandler
                0x0000000008001e64                SAI2_IRQHandler
                0x0000000008001e64                USART6_IRQHandler
                0x0000000008001e64                USART3_IRQHandler
                0x0000000008001e64                CAN1_RX1_IRQHandler
                0x0000000008001e64                UART5_IRQHandler
                0x0000000008001e64                DMA2_Stream0_IRQHandler
                0x0000000008001e64                TIM4_IRQHandler
                0x0000000008001e64                QUADSPI_IRQHandler
                0x0000000008001e64                I2C1_EV_IRQHandler
                0x0000000008001e64                DMA1_Stream6_IRQHandler
                0x0000000008001e64                DMA1_Stream1_IRQHandler
                0x0000000008001e64                UART4_IRQHandler
                0x0000000008001e64                TIM3_IRQHandler
                0x0000000008001e64                RCC_IRQHandler
                0x0000000008001e64                TIM8_BRK_TIM12_IRQHandler
                0x0000000008001e64                Default_Handler
                0x0000000008001e64                ADC_IRQHandler
                0x0000000008001e64                DMA1_Stream7_IRQHandler
                0x0000000008001e64                SPI5_IRQHandler
                0x0000000008001e64                TIM7_IRQHandler
                0x0000000008001e64                SDMMC1_IRQHandler
                0x0000000008001e64                TIM5_IRQHandler
                0x0000000008001e64                DMA2_Stream7_IRQHandler
                0x0000000008001e64                I2C3_EV_IRQHandler
                0x0000000008001e64                RTC_WKUP_IRQHandler
                0x0000000008001e64                SPI2_IRQHandler
                0x0000000008001e64                OTG_HS_EP1_IN_IRQHandler
                0x0000000008001e64                DMA1_Stream0_IRQHandler
                0x0000000008001e64                CAN1_TX_IRQHandler
                0x0000000008001e64                EXTI4_IRQHandler
                0x0000000008001e64                RNG_IRQHandler
                0x0000000008001e64                OTG_HS_EP1_OUT_IRQHandler
                0x0000000008001e64                WWDG_IRQHandler
                0x0000000008001e64                OTG_FS_WKUP_IRQHandler
                0x0000000008001e64                TIM1_TRG_COM_TIM11_IRQHandler
                0x0000000008001e64                OTG_HS_IRQHandler
                0x0000000008001e64                EXTI1_IRQHandler
                0x0000000008001e64                SDMMC2_IRQHandler
                0x0000000008001e64                AES_IRQHandler
                0x0000000008001e64                UART7_IRQHandler
                0x0000000008001e64                I2C2_ER_IRQHandler
                0x0000000008001e64                DMA2_Stream1_IRQHandler
                0x0000000008001e64                CAN1_SCE_IRQHandler
                0x0000000008001e64                FLASH_IRQHandler
                0x0000000008001e64                DMA2_Stream4_IRQHandler
                0x0000000008001e64                OTG_FS_IRQHandler
                0x0000000008001e64                SPI3_IRQHandler
                0x0000000008001e64                DMA1_Stream4_IRQHandler
                0x0000000008001e64                I2C1_ER_IRQHandler
                0x0000000008001e64                FMC_IRQHandler
                0x0000000008001e64                LPTIM1_IRQHandler
                0x0000000008001e64                DMA2_Stream6_IRQHandler
                0x0000000008001e64                SAI1_IRQHandler
                0x0000000008001e64                DMA1_Stream3_IRQHandler
 .text.HAL_Init
                0x0000000008001e66       0x1a Drivers/STM32F7xx_HAL_Driver/Src/stm32f7xx_hal.o
                0x0000000008001e66                HAL_Init
 .text.HAL_InitTick
                0x0000000008001e80       0x60 Drivers/STM32F7xx_HAL_Driver/Src/stm32f7xx_hal.o
                0x0000000008001e80                HAL_InitTick
 .text.HAL_IncTick
                0x0000000008001ee0       0x28 Drivers/STM32F7xx_HAL_Driver/Src/stm32f7xx_hal.o
                0x0000000008001ee0                HAL_IncTick
 .text.HAL_GetTick
                0x0000000008001f08       0x18 Drivers/STM32F7xx_HAL_Driver/Src/stm32f7xx_hal.o
                0x0000000008001f08                HAL_GetTick
 .text.HAL_Delay
                0x0000000008001f20       0x44 Drivers/STM32F7xx_HAL_Driver/Src/stm32f7xx_hal.o
                0x0000000008001f20                HAL_Delay
 .text.__NVIC_SetPriorityGrouping
                0x0000000008001f64       0x48 Drivers/STM32F7xx_HAL_Driver/Src/stm32f7xx_hal_cortex.o
 .text.__NVIC_GetPriorityGrouping
                0x0000000008001fac       0x1c Drivers/STM32F7xx_HAL_Driver/Src/stm32f7xx_hal_cortex.o
 .text.__NVIC_EnableIRQ
                0x0000000008001fc8       0x3c Drivers/STM32F7xx_HAL_Driver/Src/stm32f7xx_hal_cortex.o
 .text.__NVIC_SetPriority
                0x0000000008002004       0x54 Drivers/STM32F7xx_HAL_Driver/Src/stm32f7xx_hal_cortex.o
 .text.NVIC_EncodePriority
                0x0000000008002058       0x66 Drivers/STM32F7xx_HAL_Driver/Src/stm32f7xx_hal_cortex.o
 *fill*         0x00000000080020be        0x2 
 .text.SysTick_Config
                0x00000000080020c0       0x44 Drivers/STM32F7xx_HAL_Driver/Src/stm32f7xx_hal_cortex.o
 .text.HAL_NVIC_SetPriorityGrouping
                0x0000000008002104       0x16 Drivers/STM32F7xx_HAL_Driver/Src/stm32f7xx_hal_cortex.o
                0x0000000008002104                HAL_NVIC_SetPriorityGrouping
 .text.HAL_NVIC_SetPriority
                0x000000000800211a       0x38 Drivers/STM32F7xx_HAL_Driver/Src/stm32f7xx_hal_cortex.o
                0x000000000800211a                HAL_NVIC_SetPriority
 .text.HAL_NVIC_EnableIRQ
                0x0000000008002152       0x1c Drivers/STM32F7xx_HAL_Driver/Src/stm32f7xx_hal_cortex.o
                0x0000000008002152                HAL_NVIC_EnableIRQ
 .text.HAL_SYSTICK_Config
                0x000000000800216e       0x18 Drivers/STM32F7xx_HAL_Driver/Src/stm32f7xx_hal_cortex.o
                0x000000000800216e                HAL_SYSTICK_Config
 *fill*         0x0000000008002186        0x2 
 .text.HAL_DMA_Init
                0x0000000008002188      0x15c Drivers/STM32F7xx_HAL_Driver/Src/stm32f7xx_hal_dma.o
                0x0000000008002188                HAL_DMA_Init
 .text.HAL_DMA_Start_IT
                0x00000000080022e4       0xc0 Drivers/STM32F7xx_HAL_Driver/Src/stm32f7xx_hal_dma.o
                0x00000000080022e4                HAL_DMA_Start_IT
 .text.HAL_DMA_Abort_IT
                0x00000000080023a4       0x44 Drivers/STM32F7xx_HAL_Driver/Src/stm32f7xx_hal_dma.o
                0x00000000080023a4                HAL_DMA_Abort_IT
 .text.HAL_DMA_IRQHandler
                0x00000000080023e8      0x314 Drivers/STM32F7xx_HAL_Driver/Src/stm32f7xx_hal_dma.o
                0x00000000080023e8                HAL_DMA_IRQHandler
 .text.DMA_SetConfig
                0x00000000080026fc       0x5c Drivers/STM32F7xx_HAL_Driver/Src/stm32f7xx_hal_dma.o
 .text.DMA_CalcBaseAndBitshift
                0x0000000008002758       0x6c Drivers/STM32F7xx_HAL_Driver/Src/stm32f7xx_hal_dma.o
 .text.DMA_CheckFifoParam
                0x00000000080027c4       0xf4 Drivers/STM32F7xx_HAL_Driver/Src/stm32f7xx_hal_dma.o
 .text.HAL_GPIO_Init
                0x00000000080028b8      0x334 Drivers/STM32F7xx_HAL_Driver/Src/stm32f7xx_hal_gpio.o
                0x00000000080028b8                HAL_GPIO_Init
 .text.HAL_GPIO_WritePin
                0x0000000008002bec       0x32 Drivers/STM32F7xx_HAL_Driver/Src/stm32f7xx_hal_gpio.o
                0x0000000008002bec                HAL_GPIO_WritePin
 *fill*         0x0000000008002c1e        0x2 
 .text.HAL_GPIO_EXTI_IRQHandler
                0x0000000008002c20       0x30 Drivers/STM32F7xx_HAL_Driver/Src/stm32f7xx_hal_gpio.o
                0x0000000008002c20                HAL_GPIO_EXTI_IRQHandler
 .text.HAL_PWREx_EnableOverDrive
                0x0000000008002c50       0xa0 Drivers/STM32F7xx_HAL_Driver/Src/stm32f7xx_hal_pwr_ex.o
                0x0000000008002c50                HAL_PWREx_EnableOverDrive
 .text.HAL_RCC_OscConfig
                0x0000000008002cf0      0x548 Drivers/STM32F7xx_HAL_Driver/Src/stm32f7xx_hal_rcc.o
                0x0000000008002cf0                HAL_RCC_OscConfig
 .text.HAL_RCC_ClockConfig
                0x0000000008003238      0x1d8 Drivers/STM32F7xx_HAL_Driver/Src/stm32f7xx_hal_rcc.o
                0x0000000008003238                HAL_RCC_ClockConfig
 .text.HAL_RCC_GetSysClockFreq
                0x0000000008003410      0x164 Drivers/STM32F7xx_HAL_Driver/Src/stm32f7xx_hal_rcc.o
                0x0000000008003410                HAL_RCC_GetSysClockFreq
 .text.HAL_RCC_GetHCLKFreq
                0x0000000008003574       0x18 Drivers/STM32F7xx_HAL_Driver/Src/stm32f7xx_hal_rcc.o
                0x0000000008003574                HAL_RCC_GetHCLKFreq
 .text.HAL_RCC_GetPCLK1Freq
                0x000000000800358c       0x28 Drivers/STM32F7xx_HAL_Driver/Src/stm32f7xx_hal_rcc.o
                0x000000000800358c                HAL_RCC_GetPCLK1Freq
 .text.HAL_RCC_GetPCLK2Freq
                0x00000000080035b4       0x28 Drivers/STM32F7xx_HAL_Driver/Src/stm32f7xx_hal_rcc.o
                0x00000000080035b4                HAL_RCC_GetPCLK2Freq
 .text.HAL_RCCEx_PeriphCLKConfig
                0x00000000080035dc      0x690 Drivers/STM32F7xx_HAL_Driver/Src/stm32f7xx_hal_rcc_ex.o
                0x00000000080035dc                HAL_RCCEx_PeriphCLKConfig
 .text.HAL_SPI_Init
                0x0000000008003c6c      0x124 Drivers/STM32F7xx_HAL_Driver/Src/stm32f7xx_hal_spi.o
                0x0000000008003c6c                HAL_SPI_Init
 .text.HAL_TIM_Base_Init
                0x0000000008003d90       0x56 Drivers/STM32F7xx_HAL_Driver/Src/stm32f7xx_hal_tim.o
                0x0000000008003d90                HAL_TIM_Base_Init
 *fill*         0x0000000008003de6        0x2 
 .text.HAL_TIM_Base_Start_IT
                0x0000000008003de8       0x54 Drivers/STM32F7xx_HAL_Driver/Src/stm32f7xx_hal_tim.o
                0x0000000008003de8                HAL_TIM_Base_Start_IT
 .text.HAL_TIM_IRQHandler
                0x0000000008003e3c      0x23e Drivers/STM32F7xx_HAL_Driver/Src/stm32f7xx_hal_tim.o
                0x0000000008003e3c                HAL_TIM_IRQHandler
 *fill*         0x000000000800407a        0x2 
 .text.HAL_TIM_ConfigClockSource
                0x000000000800407c      0x174 Drivers/STM32F7xx_HAL_Driver/Src/stm32f7xx_hal_tim.o
                0x000000000800407c                HAL_TIM_ConfigClockSource
 .text.HAL_TIM_OC_DelayElapsedCallback
                0x00000000080041f0       0x14 Drivers/STM32F7xx_HAL_Driver/Src/stm32f7xx_hal_tim.o
                0x00000000080041f0                HAL_TIM_OC_DelayElapsedCallback
 .text.HAL_TIM_IC_CaptureCallback
                0x0000000008004204       0x14 Drivers/STM32F7xx_HAL_Driver/Src/stm32f7xx_hal_tim.o
                0x0000000008004204                HAL_TIM_IC_CaptureCallback
 .text.HAL_TIM_PWM_PulseFinishedCallback
                0x0000000008004218       0x14 Drivers/STM32F7xx_HAL_Driver/Src/stm32f7xx_hal_tim.o
                0x0000000008004218                HAL_TIM_PWM_PulseFinishedCallback
 .text.HAL_TIM_TriggerCallback
                0x000000000800422c       0x14 Drivers/STM32F7xx_HAL_Driver/Src/stm32f7xx_hal_tim.o
                0x000000000800422c                HAL_TIM_TriggerCallback
 .text.TIM_Base_SetConfig
                0x0000000008004240      0x140 Drivers/STM32F7xx_HAL_Driver/Src/stm32f7xx_hal_tim.o
                0x0000000008004240                TIM_Base_SetConfig
 .text.TIM_TI1_ConfigInputStage
                0x0000000008004380       0x5e Drivers/STM32F7xx_HAL_Driver/Src/stm32f7xx_hal_tim.o
 .text.TIM_TI2_ConfigInputStage
                0x00000000080043de       0x60 Drivers/STM32F7xx_HAL_Driver/Src/stm32f7xx_hal_tim.o
 .text.TIM_ITRx_SetConfig
                0x000000000800443e       0x36 Drivers/STM32F7xx_HAL_Driver/Src/stm32f7xx_hal_tim.o
 .text.TIM_ETR_SetConfig
                0x0000000008004474       0x40 Drivers/STM32F7xx_HAL_Driver/Src/stm32f7xx_hal_tim.o
                0x0000000008004474                TIM_ETR_SetConfig
 .text.HAL_TIMEx_MasterConfigSynchronization
                0x00000000080044b4      0x11c Drivers/STM32F7xx_HAL_Driver/Src/stm32f7xx_hal_tim_ex.o
                0x00000000080044b4                HAL_TIMEx_MasterConfigSynchronization
 .text.HAL_TIMEx_CommutCallback
                0x00000000080045d0       0x14 Drivers/STM32F7xx_HAL_Driver/Src/stm32f7xx_hal_tim_ex.o
                0x00000000080045d0                HAL_TIMEx_CommutCallback
 .text.HAL_TIMEx_BreakCallback
                0x00000000080045e4       0x14 Drivers/STM32F7xx_HAL_Driver/Src/stm32f7xx_hal_tim_ex.o
                0x00000000080045e4                HAL_TIMEx_BreakCallback
 .text.HAL_TIMEx_Break2Callback
                0x00000000080045f8       0x14 Drivers/STM32F7xx_HAL_Driver/Src/stm32f7xx_hal_tim_ex.o
                0x00000000080045f8                HAL_TIMEx_Break2Callback
 .text.HAL_UART_Init
                0x000000000800460c       0x9c Drivers/STM32F7xx_HAL_Driver/Src/stm32f7xx_hal_uart.o
                0x000000000800460c                HAL_UART_Init
 .text.HAL_UART_Receive_DMA
                0x00000000080046a8      0x108 Drivers/STM32F7xx_HAL_Driver/Src/stm32f7xx_hal_uart.o
                0x00000000080046a8                HAL_UART_Receive_DMA
 .text.HAL_UART_IRQHandler
                0x00000000080047b0      0x264 Drivers/STM32F7xx_HAL_Driver/Src/stm32f7xx_hal_uart.o
                0x00000000080047b0                HAL_UART_IRQHandler
 .text.HAL_UART_TxCpltCallback
                0x0000000008004a14       0x14 Drivers/STM32F7xx_HAL_Driver/Src/stm32f7xx_hal_uart.o
                0x0000000008004a14                HAL_UART_TxCpltCallback
 .text.HAL_UART_RxHalfCpltCallback
                0x0000000008004a28       0x14 Drivers/STM32F7xx_HAL_Driver/Src/stm32f7xx_hal_uart.o
                0x0000000008004a28                HAL_UART_RxHalfCpltCallback
 .text.HAL_UART_ErrorCallback
                0x0000000008004a3c       0x14 Drivers/STM32F7xx_HAL_Driver/Src/stm32f7xx_hal_uart.o
                0x0000000008004a3c                HAL_UART_ErrorCallback
 .text.UART_SetConfig
                0x0000000008004a50      0x554 Drivers/STM32F7xx_HAL_Driver/Src/stm32f7xx_hal_uart.o
                0x0000000008004a50                UART_SetConfig
 .text.UART_AdvFeatureConfig
                0x0000000008004fa4      0x144 Drivers/STM32F7xx_HAL_Driver/Src/stm32f7xx_hal_uart.o
                0x0000000008004fa4                UART_AdvFeatureConfig
 .text.UART_CheckIdleState
                0x00000000080050e8       0x5e Drivers/STM32F7xx_HAL_Driver/Src/stm32f7xx_hal_uart.o
                0x00000000080050e8                UART_CheckIdleState
 .text.UART_WaitOnFlagUntilTimeout
                0x0000000008005146       0xf6 Drivers/STM32F7xx_HAL_Driver/Src/stm32f7xx_hal_uart.o
                0x0000000008005146                UART_WaitOnFlagUntilTimeout
 .text.UART_EndTxTransfer
                0x000000000800523c       0x2a Drivers/STM32F7xx_HAL_Driver/Src/stm32f7xx_hal_uart.o
 .text.UART_EndRxTransfer
                0x0000000008005266       0x40 Drivers/STM32F7xx_HAL_Driver/Src/stm32f7xx_hal_uart.o
 .text.UART_DMAReceiveCplt
                0x00000000080052a6       0x64 Drivers/STM32F7xx_HAL_Driver/Src/stm32f7xx_hal_uart.o
 .text.UART_DMARxHalfCplt
                0x000000000800530a       0x1c Drivers/STM32F7xx_HAL_Driver/Src/stm32f7xx_hal_uart.o
 .text.UART_DMAError
                0x0000000008005326       0x78 Drivers/STM32F7xx_HAL_Driver/Src/stm32f7xx_hal_uart.o
 .text.UART_DMAAbortOnError
                0x000000000800539e       0x2c Drivers/STM32F7xx_HAL_Driver/Src/stm32f7xx_hal_uart.o
 .text.UART_EndTransmit_IT
                0x00000000080053ca       0x32 Drivers/STM32F7xx_HAL_Driver/Src/stm32f7xx_hal_uart.o
 .text.__libc_init_array
                0x00000000080053fc       0x48 c:/st/stm32cubeide_1.4.0/stm32cubeide/plugins/com.st.stm32cube.ide.mcu.externaltools.gnu-tools-for-stm32.7-2018-q2-update.win32_1.4.0.202007081208/tools/bin/../lib/gcc/arm-none-eabi/7.3.1/../../../../arm-none-eabi/lib/thumb/v7e-m/fpv4-sp/hard\libc_nano.a(lib_a-init.o)
                0x00000000080053fc                __libc_init_array
 .text.memset   0x0000000008005444       0x10 c:/st/stm32cubeide_1.4.0/stm32cubeide/plugins/com.st.stm32cube.ide.mcu.externaltools.gnu-tools-for-stm32.7-2018-q2-update.win32_1.4.0.202007081208/tools/bin/../lib/gcc/arm-none-eabi/7.3.1/../../../../arm-none-eabi/lib/thumb/v7e-m/fpv4-sp/hard\libc_nano.a(lib_a-memset.o)
                0x0000000008005444                memset
 .text.fmin     0x0000000008005454       0x4e c:/st/stm32cubeide_1.4.0/stm32cubeide/plugins/com.st.stm32cube.ide.mcu.externaltools.gnu-tools-for-stm32.7-2018-q2-update.win32_1.4.0.202007081208/tools/bin/../lib/gcc/arm-none-eabi/7.3.1/../../../../arm-none-eabi/lib/thumb/v7e-m/fpv4-sp/hard\libm.a(lib_a-s_fmin.o)
                0x0000000008005454                fmin
 *fill*         0x00000000080054a2        0x2 
 .text.__fpclassifyd
                0x00000000080054a4       0x58 c:/st/stm32cubeide_1.4.0/stm32cubeide/plugins/com.st.stm32cube.ide.mcu.externaltools.gnu-tools-for-stm32.7-2018-q2-update.win32_1.4.0.202007081208/tools/bin/../lib/gcc/arm-none-eabi/7.3.1/../../../../arm-none-eabi/lib/thumb/v7e-m/fpv4-sp/hard\libm.a(lib_a-s_fpclassify.o)
                0x00000000080054a4                __fpclassifyd
 *(.glue_7)
 .glue_7        0x00000000080054fc        0x0 linker stubs
 *(.glue_7t)
 .glue_7t       0x00000000080054fc        0x0 linker stubs
 *(.eh_frame)
 .eh_frame      0x00000000080054fc        0x0 c:/st/stm32cubeide_1.4.0/stm32cubeide/plugins/com.st.stm32cube.ide.mcu.externaltools.gnu-tools-for-stm32.7-2018-q2-update.win32_1.4.0.202007081208/tools/bin/../lib/gcc/arm-none-eabi/7.3.1/thumb/v7e-m/fpv4-sp/hard/crtbegin.o
 *(.init)
 .init          0x00000000080054fc        0x4 c:/st/stm32cubeide_1.4.0/stm32cubeide/plugins/com.st.stm32cube.ide.mcu.externaltools.gnu-tools-for-stm32.7-2018-q2-update.win32_1.4.0.202007081208/tools/bin/../lib/gcc/arm-none-eabi/7.3.1/thumb/v7e-m/fpv4-sp/hard/crti.o
                0x00000000080054fc                _init
 .init          0x0000000008005500        0x8 c:/st/stm32cubeide_1.4.0/stm32cubeide/plugins/com.st.stm32cube.ide.mcu.externaltools.gnu-tools-for-stm32.7-2018-q2-update.win32_1.4.0.202007081208/tools/bin/../lib/gcc/arm-none-eabi/7.3.1/thumb/v7e-m/fpv4-sp/hard/crtn.o
 *(.fini)
 .fini          0x0000000008005508        0x4 c:/st/stm32cubeide_1.4.0/stm32cubeide/plugins/com.st.stm32cube.ide.mcu.externaltools.gnu-tools-for-stm32.7-2018-q2-update.win32_1.4.0.202007081208/tools/bin/../lib/gcc/arm-none-eabi/7.3.1/thumb/v7e-m/fpv4-sp/hard/crti.o
                0x0000000008005508                _fini
 .fini          0x000000000800550c        0x8 c:/st/stm32cubeide_1.4.0/stm32cubeide/plugins/com.st.stm32cube.ide.mcu.externaltools.gnu-tools-for-stm32.7-2018-q2-update.win32_1.4.0.202007081208/tools/bin/../lib/gcc/arm-none-eabi/7.3.1/thumb/v7e-m/fpv4-sp/hard/crtn.o
                0x0000000008005514                . = ALIGN (0x4)
                0x0000000008005514                _etext = .

.vfp11_veneer   0x0000000008005514        0x0
 .vfp11_veneer  0x0000000008005514        0x0 linker stubs

.v4_bx          0x0000000008005514        0x0
 .v4_bx         0x0000000008005514        0x0 linker stubs

.iplt           0x0000000008005514        0x0
 .iplt          0x0000000008005514        0x0 c:/st/stm32cubeide_1.4.0/stm32cubeide/plugins/com.st.stm32cube.ide.mcu.externaltools.gnu-tools-for-stm32.7-2018-q2-update.win32_1.4.0.202007081208/tools/bin/../lib/gcc/arm-none-eabi/7.3.1/thumb/v7e-m/fpv4-sp/hard/crtbegin.o

.rodata         0x0000000008005514       0x20
                0x0000000008005514                . = ALIGN (0x4)
 *(.rodata)
 *(.rodata*)
 .rodata.AHBPrescTable
                0x0000000008005514       0x10 Core/Src/system_stm32f7xx.o
                0x0000000008005514                AHBPrescTable
 .rodata.APBPrescTable
                0x0000000008005524        0x8 Core/Src/system_stm32f7xx.o
                0x0000000008005524                APBPrescTable
 .rodata.flagBitshiftOffset.8752
                0x000000000800552c        0x8 Drivers/STM32F7xx_HAL_Driver/Src/stm32f7xx_hal_dma.o
                0x0000000008005534                . = ALIGN (0x4)

.ARM.extab      0x0000000008005534        0x0
                0x0000000008005534                . = ALIGN (0x4)
 *(.ARM.extab* .gnu.linkonce.armextab.*)
                0x0000000008005534                . = ALIGN (0x4)

.ARM            0x0000000008005534        0x8
                0x0000000008005534                . = ALIGN (0x4)
                0x0000000008005534                __exidx_start = .
 *(.ARM.exidx*)
 .ARM.exidx     0x0000000008005534        0x8 c:/st/stm32cubeide_1.4.0/stm32cubeide/plugins/com.st.stm32cube.ide.mcu.externaltools.gnu-tools-for-stm32.7-2018-q2-update.win32_1.4.0.202007081208/tools/bin/../lib/gcc/arm-none-eabi/7.3.1/thumb/v7e-m/fpv4-sp/hard\libgcc.a(_udivmoddi4.o)
                0x000000000800553c                __exidx_end = .
                0x000000000800553c                . = ALIGN (0x4)

.rel.dyn        0x000000000800553c        0x0
 .rel.iplt      0x000000000800553c        0x0 c:/st/stm32cubeide_1.4.0/stm32cubeide/plugins/com.st.stm32cube.ide.mcu.externaltools.gnu-tools-for-stm32.7-2018-q2-update.win32_1.4.0.202007081208/tools/bin/../lib/gcc/arm-none-eabi/7.3.1/thumb/v7e-m/fpv4-sp/hard/crtbegin.o

.preinit_array  0x000000000800553c        0x0
                0x000000000800553c                . = ALIGN (0x4)
                0x000000000800553c                PROVIDE (__preinit_array_start = .)
 *(.preinit_array*)
                0x000000000800553c                PROVIDE (__preinit_array_end = .)
                0x000000000800553c                . = ALIGN (0x4)

.init_array     0x000000000800553c        0x4
                0x000000000800553c                . = ALIGN (0x4)
                0x000000000800553c                PROVIDE (__init_array_start = .)
 *(SORT_BY_NAME(.init_array.*))
 *(.init_array*)
 .init_array    0x000000000800553c        0x4 c:/st/stm32cubeide_1.4.0/stm32cubeide/plugins/com.st.stm32cube.ide.mcu.externaltools.gnu-tools-for-stm32.7-2018-q2-update.win32_1.4.0.202007081208/tools/bin/../lib/gcc/arm-none-eabi/7.3.1/thumb/v7e-m/fpv4-sp/hard/crtbegin.o
                0x0000000008005540                PROVIDE (__init_array_end = .)
                0x0000000008005540                . = ALIGN (0x4)

.fini_array     0x0000000008005540        0x4
                0x0000000008005540                . = ALIGN (0x4)
                [!provide]                        PROVIDE (__fini_array_start = .)
 *(SORT_BY_NAME(.fini_array.*))
 *(.fini_array*)
 .fini_array    0x0000000008005540        0x4 c:/st/stm32cubeide_1.4.0/stm32cubeide/plugins/com.st.stm32cube.ide.mcu.externaltools.gnu-tools-for-stm32.7-2018-q2-update.win32_1.4.0.202007081208/tools/bin/../lib/gcc/arm-none-eabi/7.3.1/thumb/v7e-m/fpv4-sp/hard/crtbegin.o
                [!provide]                        PROVIDE (__fini_array_end = .)
                0x0000000008005544                . = ALIGN (0x4)
                0x0000000008005544                _sidata = LOADADDR (.data)

.data           0x0000000020000000       0x40 load address 0x0000000008005544
                0x0000000020000000                . = ALIGN (0x4)
                0x0000000020000000                _sdata = .
 *(.data)
 *(.data*)
 .data.sensor   0x0000000020000000       0x30 Core/Src/main.o
                0x0000000020000000                sensor
 .data.dataReceivedUART
                0x0000000020000030        0x2 Core/Src/main.o
                0x0000000020000030                dataReceivedUART
 *fill*         0x0000000020000032        0x2 
 .data.SystemCoreClock
                0x0000000020000034        0x4 Core/Src/system_stm32f7xx.o
                0x0000000020000034                SystemCoreClock
 .data.uwTickPrio
                0x0000000020000038        0x4 Drivers/STM32F7xx_HAL_Driver/Src/stm32f7xx_hal.o
                0x0000000020000038                uwTickPrio
 .data.uwTickFreq
                0x000000002000003c        0x1 Drivers/STM32F7xx_HAL_Driver/Src/stm32f7xx_hal.o
                0x000000002000003c                uwTickFreq
                0x0000000020000040                . = ALIGN (0x4)
 *fill*         0x000000002000003d        0x3 
                0x0000000020000040                _edata = .

.igot.plt       0x0000000020000040        0x0 load address 0x0000000008005584
 .igot.plt      0x0000000020000040        0x0 c:/st/stm32cubeide_1.4.0/stm32cubeide/plugins/com.st.stm32cube.ide.mcu.externaltools.gnu-tools-for-stm32.7-2018-q2-update.win32_1.4.0.202007081208/tools/bin/../lib/gcc/arm-none-eabi/7.3.1/thumb/v7e-m/fpv4-sp/hard/crtbegin.o
                0x0000000020000040                . = ALIGN (0x4)

.bss            0x0000000020000040      0x2c4 load address 0x0000000008005584
                0x0000000020000040                _sbss = .
                0x0000000020000040                __bss_start__ = _sbss
 *(.bss)
 .bss           0x0000000020000040       0x1c c:/st/stm32cubeide_1.4.0/stm32cubeide/plugins/com.st.stm32cube.ide.mcu.externaltools.gnu-tools-for-stm32.7-2018-q2-update.win32_1.4.0.202007081208/tools/bin/../lib/gcc/arm-none-eabi/7.3.1/thumb/v7e-m/fpv4-sp/hard/crtbegin.o
 *(.bss*)
 *(COMMON)
 COMMON         0x000000002000005c       0x64 Core/Src/spi.o
                0x000000002000005c                hspi1
 COMMON         0x00000000200000c0       0x80 Core/Src/tim.o
                0x00000000200000c0                htim9
                0x0000000020000100                htim2
 COMMON         0x0000000020000140      0x1c0 Core/Src/usart.o
                0x0000000020000140                hdma_usart2_rx
                0x00000000200001a0                hdma_usart1_rx
                0x0000000020000200                huart1
                0x0000000020000280                huart2
 COMMON         0x0000000020000300        0x4 Drivers/STM32F7xx_HAL_Driver/Src/stm32f7xx_hal.o
                0x0000000020000300                uwTick
                0x0000000020000304                . = ALIGN (0x4)
                0x0000000020000304                _ebss = .
                0x0000000020000304                __bss_end__ = _ebss

._user_heap_stack
                0x0000000020000304      0x604 load address 0x0000000008005584
                0x0000000020000308                . = ALIGN (0x8)
 *fill*         0x0000000020000304        0x4 
                [!provide]                        PROVIDE (end = .)
                0x0000000020000308                PROVIDE (_end = .)
                0x0000000020000508                . = (. + _Min_Heap_Size)
 *fill*         0x0000000020000308      0x200 
                0x0000000020000908                . = (. + _Min_Stack_Size)
 *fill*         0x0000000020000508      0x400 
                0x0000000020000908                . = ALIGN (0x8)

/DISCARD/
 libc.a(*)
 libm.a(*)
 libgcc.a(*)

.ARM.attributes
                0x0000000000000000       0x30
 *(.ARM.attributes)
 .ARM.attributes
                0x0000000000000000       0x22 c:/st/stm32cubeide_1.4.0/stm32cubeide/plugins/com.st.stm32cube.ide.mcu.externaltools.gnu-tools-for-stm32.7-2018-q2-update.win32_1.4.0.202007081208/tools/bin/../lib/gcc/arm-none-eabi/7.3.1/thumb/v7e-m/fpv4-sp/hard/crti.o
 .ARM.attributes
                0x0000000000000022       0x34 c:/st/stm32cubeide_1.4.0/stm32cubeide/plugins/com.st.stm32cube.ide.mcu.externaltools.gnu-tools-for-stm32.7-2018-q2-update.win32_1.4.0.202007081208/tools/bin/../lib/gcc/arm-none-eabi/7.3.1/thumb/v7e-m/fpv4-sp/hard/crtbegin.o
 .ARM.attributes
                0x0000000000000056       0x39 Core/Src/dma.o
 .ARM.attributes
                0x000000000000008f       0x39 Core/Src/gpio.o
 .ARM.attributes
                0x00000000000000c8       0x39 Core/Src/main.o
 .ARM.attributes
                0x0000000000000101       0x39 Core/Src/spi.o
 .ARM.attributes
                0x000000000000013a       0x39 Core/Src/stm32f7xx_hal_msp.o
 .ARM.attributes
                0x0000000000000173       0x39 Core/Src/stm32f7xx_it.o
 .ARM.attributes
                0x00000000000001ac       0x39 Core/Src/system_stm32f7xx.o
 .ARM.attributes
                0x00000000000001e5       0x39 Core/Src/tim.o
 .ARM.attributes
                0x000000000000021e       0x39 Core/Src/usart.o
 .ARM.attributes
                0x0000000000000257       0x21 Core/Startup/startup_stm32f732retx.o
 .ARM.attributes
                0x0000000000000278       0x39 Drivers/STM32F7xx_HAL_Driver/Src/stm32f7xx_hal.o
 .ARM.attributes
                0x00000000000002b1       0x39 Drivers/STM32F7xx_HAL_Driver/Src/stm32f7xx_hal_cortex.o
 .ARM.attributes
                0x00000000000002ea       0x39 Drivers/STM32F7xx_HAL_Driver/Src/stm32f7xx_hal_dma.o
 .ARM.attributes
                0x0000000000000323       0x39 Drivers/STM32F7xx_HAL_Driver/Src/stm32f7xx_hal_gpio.o
 .ARM.attributes
                0x000000000000035c       0x39 Drivers/STM32F7xx_HAL_Driver/Src/stm32f7xx_hal_pwr_ex.o
 .ARM.attributes
                0x0000000000000395       0x39 Drivers/STM32F7xx_HAL_Driver/Src/stm32f7xx_hal_rcc.o
 .ARM.attributes
                0x00000000000003ce       0x39 Drivers/STM32F7xx_HAL_Driver/Src/stm32f7xx_hal_rcc_ex.o
 .ARM.attributes
                0x0000000000000407       0x39 Drivers/STM32F7xx_HAL_Driver/Src/stm32f7xx_hal_spi.o
 .ARM.attributes
                0x0000000000000440       0x39 Drivers/STM32F7xx_HAL_Driver/Src/stm32f7xx_hal_tim.o
 .ARM.attributes
                0x0000000000000479       0x39 Drivers/STM32F7xx_HAL_Driver/Src/stm32f7xx_hal_tim_ex.o
 .ARM.attributes
                0x00000000000004b2       0x39 Drivers/STM32F7xx_HAL_Driver/Src/stm32f7xx_hal_uart.o
 .ARM.attributes
                0x00000000000004eb       0x34 c:/st/stm32cubeide_1.4.0/stm32cubeide/plugins/com.st.stm32cube.ide.mcu.externaltools.gnu-tools-for-stm32.7-2018-q2-update.win32_1.4.0.202007081208/tools/bin/../lib/gcc/arm-none-eabi/7.3.1/../../../../arm-none-eabi/lib/thumb/v7e-m/fpv4-sp/hard\libc_nano.a(lib_a-init.o)
 .ARM.attributes
                0x000000000000051f       0x34 c:/st/stm32cubeide_1.4.0/stm32cubeide/plugins/com.st.stm32cube.ide.mcu.externaltools.gnu-tools-for-stm32.7-2018-q2-update.win32_1.4.0.202007081208/tools/bin/../lib/gcc/arm-none-eabi/7.3.1/../../../../arm-none-eabi/lib/thumb/v7e-m/fpv4-sp/hard\libc_nano.a(lib_a-memset.o)
 .ARM.attributes
                0x0000000000000553       0x34 c:/st/stm32cubeide_1.4.0/stm32cubeide/plugins/com.st.stm32cube.ide.mcu.externaltools.gnu-tools-for-stm32.7-2018-q2-update.win32_1.4.0.202007081208/tools/bin/../lib/gcc/arm-none-eabi/7.3.1/../../../../arm-none-eabi/lib/thumb/v7e-m/fpv4-sp/hard\libm.a(lib_a-s_fmin.o)
 .ARM.attributes
                0x0000000000000587       0x34 c:/st/stm32cubeide_1.4.0/stm32cubeide/plugins/com.st.stm32cube.ide.mcu.externaltools.gnu-tools-for-stm32.7-2018-q2-update.win32_1.4.0.202007081208/tools/bin/../lib/gcc/arm-none-eabi/7.3.1/../../../../arm-none-eabi/lib/thumb/v7e-m/fpv4-sp/hard\libm.a(lib_a-s_fpclassify.o)
 .ARM.attributes
                0x00000000000005bb       0x22 c:/st/stm32cubeide_1.4.0/stm32cubeide/plugins/com.st.stm32cube.ide.mcu.externaltools.gnu-tools-for-stm32.7-2018-q2-update.win32_1.4.0.202007081208/tools/bin/../lib/gcc/arm-none-eabi/7.3.1/thumb/v7e-m/fpv4-sp/hard\libgcc.a(_arm_addsubdf3.o)
 .ARM.attributes
                0x00000000000005dd       0x22 c:/st/stm32cubeide_1.4.0/stm32cubeide/plugins/com.st.stm32cube.ide.mcu.externaltools.gnu-tools-for-stm32.7-2018-q2-update.win32_1.4.0.202007081208/tools/bin/../lib/gcc/arm-none-eabi/7.3.1/thumb/v7e-m/fpv4-sp/hard\libgcc.a(_arm_muldivdf3.o)
 .ARM.attributes
                0x00000000000005ff       0x22 c:/st/stm32cubeide_1.4.0/stm32cubeide/plugins/com.st.stm32cube.ide.mcu.externaltools.gnu-tools-for-stm32.7-2018-q2-update.win32_1.4.0.202007081208/tools/bin/../lib/gcc/arm-none-eabi/7.3.1/thumb/v7e-m/fpv4-sp/hard\libgcc.a(_arm_cmpdf2.o)
 .ARM.attributes
                0x0000000000000621       0x22 c:/st/stm32cubeide_1.4.0/stm32cubeide/plugins/com.st.stm32cube.ide.mcu.externaltools.gnu-tools-for-stm32.7-2018-q2-update.win32_1.4.0.202007081208/tools/bin/../lib/gcc/arm-none-eabi/7.3.1/thumb/v7e-m/fpv4-sp/hard\libgcc.a(_aeabi_uldivmod.o)
 .ARM.attributes
                0x0000000000000643       0x34 c:/st/stm32cubeide_1.4.0/stm32cubeide/plugins/com.st.stm32cube.ide.mcu.externaltools.gnu-tools-for-stm32.7-2018-q2-update.win32_1.4.0.202007081208/tools/bin/../lib/gcc/arm-none-eabi/7.3.1/thumb/v7e-m/fpv4-sp/hard\libgcc.a(_udivmoddi4.o)
 .ARM.attributes
                0x0000000000000677       0x22 c:/st/stm32cubeide_1.4.0/stm32cubeide/plugins/com.st.stm32cube.ide.mcu.externaltools.gnu-tools-for-stm32.7-2018-q2-update.win32_1.4.0.202007081208/tools/bin/../lib/gcc/arm-none-eabi/7.3.1/thumb/v7e-m/fpv4-sp/hard\libgcc.a(_dvmd_tls.o)
 .ARM.attributes
                0x0000000000000699       0x22 c:/st/stm32cubeide_1.4.0/stm32cubeide/plugins/com.st.stm32cube.ide.mcu.externaltools.gnu-tools-for-stm32.7-2018-q2-update.win32_1.4.0.202007081208/tools/bin/../lib/gcc/arm-none-eabi/7.3.1/thumb/v7e-m/fpv4-sp/hard/crtn.o
OUTPUT(Airplane.elf elf32-littlearm)

.debug_info     0x0000000000000000    0x10d98
 .debug_info    0x0000000000000000      0x5cb Core/Src/dma.o
 .debug_info    0x00000000000005cb      0x74d Core/Src/gpio.o
 .debug_info    0x0000000000000d18     0x1db3 Core/Src/main.o
 .debug_info    0x0000000000002acb      0xa02 Core/Src/spi.o
 .debug_info    0x00000000000034cd      0x389 Core/Src/stm32f7xx_hal_msp.o
 .debug_info    0x0000000000003856      0xa96 Core/Src/stm32f7xx_it.o
 .debug_info    0x00000000000042ec      0x73d Core/Src/system_stm32f7xx.o
 .debug_info    0x0000000000004a29      0xc23 Core/Src/tim.o
 .debug_info    0x000000000000564c      0xd0d Core/Src/usart.o
 .debug_info    0x0000000000006359       0x22 Core/Startup/startup_stm32f732retx.o
 .debug_info    0x000000000000637b      0x991 Drivers/STM32F7xx_HAL_Driver/Src/stm32f7xx_hal.o
 .debug_info    0x0000000000006d0c     0x1008 Drivers/STM32F7xx_HAL_Driver/Src/stm32f7xx_hal_cortex.o
 .debug_info    0x0000000000007d14      0x968 Drivers/STM32F7xx_HAL_Driver/Src/stm32f7xx_hal_dma.o
 .debug_info    0x000000000000867c      0x7dc Drivers/STM32F7xx_HAL_Driver/Src/stm32f7xx_hal_gpio.o
 .debug_info    0x0000000000008e58      0x96b Drivers/STM32F7xx_HAL_Driver/Src/stm32f7xx_hal_pwr_ex.o
 .debug_info    0x00000000000097c3      0x942 Drivers/STM32F7xx_HAL_Driver/Src/stm32f7xx_hal_rcc.o
 .debug_info    0x000000000000a105      0x79a Drivers/STM32F7xx_HAL_Driver/Src/stm32f7xx_hal_rcc_ex.o
 .debug_info    0x000000000000a89f     0x166a Drivers/STM32F7xx_HAL_Driver/Src/stm32f7xx_hal_spi.o
 .debug_info    0x000000000000bf09     0x25a2 Drivers/STM32F7xx_HAL_Driver/Src/stm32f7xx_hal_tim.o
 .debug_info    0x000000000000e4ab     0x121c Drivers/STM32F7xx_HAL_Driver/Src/stm32f7xx_hal_tim_ex.o
 .debug_info    0x000000000000f6c7     0x16d1 Drivers/STM32F7xx_HAL_Driver/Src/stm32f7xx_hal_uart.o

.debug_abbrev   0x0000000000000000     0x2490
 .debug_abbrev  0x0000000000000000      0x112 Core/Src/dma.o
 .debug_abbrev  0x0000000000000112      0x13d Core/Src/gpio.o
 .debug_abbrev  0x000000000000024f      0x2ee Core/Src/main.o
 .debug_abbrev  0x000000000000053d      0x199 Core/Src/spi.o
 .debug_abbrev  0x00000000000006d6      0x109 Core/Src/stm32f7xx_hal_msp.o
 .debug_abbrev  0x00000000000007df      0x172 Core/Src/stm32f7xx_it.o
 .debug_abbrev  0x0000000000000951      0x147 Core/Src/system_stm32f7xx.o
 .debug_abbrev  0x0000000000000a98      0x1a4 Core/Src/tim.o
 .debug_abbrev  0x0000000000000c3c      0x1b3 Core/Src/usart.o
 .debug_abbrev  0x0000000000000def       0x12 Core/Startup/startup_stm32f732retx.o
 .debug_abbrev  0x0000000000000e01      0x1c7 Drivers/STM32F7xx_HAL_Driver/Src/stm32f7xx_hal.o
 .debug_abbrev  0x0000000000000fc8      0x2fa Drivers/STM32F7xx_HAL_Driver/Src/stm32f7xx_hal_cortex.o
 .debug_abbrev  0x00000000000012c2      0x229 Drivers/STM32F7xx_HAL_Driver/Src/stm32f7xx_hal_dma.o
 .debug_abbrev  0x00000000000014eb      0x1c9 Drivers/STM32F7xx_HAL_Driver/Src/stm32f7xx_hal_gpio.o
 .debug_abbrev  0x00000000000016b4      0x1b8 Drivers/STM32F7xx_HAL_Driver/Src/stm32f7xx_hal_pwr_ex.o
 .debug_abbrev  0x000000000000186c      0x21a Drivers/STM32F7xx_HAL_Driver/Src/stm32f7xx_hal_rcc.o
 .debug_abbrev  0x0000000000001a86      0x18f Drivers/STM32F7xx_HAL_Driver/Src/stm32f7xx_hal_rcc_ex.o
 .debug_abbrev  0x0000000000001c15      0x228 Drivers/STM32F7xx_HAL_Driver/Src/stm32f7xx_hal_spi.o
 .debug_abbrev  0x0000000000001e3d      0x230 Drivers/STM32F7xx_HAL_Driver/Src/stm32f7xx_hal_tim.o
 .debug_abbrev  0x000000000000206d      0x21e Drivers/STM32F7xx_HAL_Driver/Src/stm32f7xx_hal_tim_ex.o
 .debug_abbrev  0x000000000000228b      0x205 Drivers/STM32F7xx_HAL_Driver/Src/stm32f7xx_hal_uart.o

.debug_aranges  0x0000000000000000      0xf98
 .debug_aranges
                0x0000000000000000       0x20 Core/Src/dma.o
 .debug_aranges
                0x0000000000000020       0x20 Core/Src/gpio.o
 .debug_aranges
                0x0000000000000040       0x58 Core/Src/main.o
 .debug_aranges
                0x0000000000000098       0x30 Core/Src/spi.o
 .debug_aranges
                0x00000000000000c8       0x20 Core/Src/stm32f7xx_hal_msp.o
 .debug_aranges
                0x00000000000000e8       0x98 Core/Src/stm32f7xx_it.o
 .debug_aranges
                0x0000000000000180       0x28 Core/Src/system_stm32f7xx.o
 .debug_aranges
                0x00000000000001a8       0x38 Core/Src/tim.o
 .debug_aranges
                0x00000000000001e0       0x38 Core/Src/usart.o
 .debug_aranges
                0x0000000000000218       0x28 Core/Startup/startup_stm32f732retx.o
 .debug_aranges
                0x0000000000000240      0x100 Drivers/STM32F7xx_HAL_Driver/Src/stm32f7xx_hal.o
 .debug_aranges
                0x0000000000000340      0x118 Drivers/STM32F7xx_HAL_Driver/Src/stm32f7xx_hal_cortex.o
 .debug_aranges
                0x0000000000000458       0x90 Drivers/STM32F7xx_HAL_Driver/Src/stm32f7xx_hal_dma.o
 .debug_aranges
                0x00000000000004e8       0x58 Drivers/STM32F7xx_HAL_Driver/Src/stm32f7xx_hal_gpio.o
 .debug_aranges
                0x0000000000000540       0x80 Drivers/STM32F7xx_HAL_Driver/Src/stm32f7xx_hal_pwr_ex.o
 .debug_aranges
                0x00000000000005c0       0x88 Drivers/STM32F7xx_HAL_Driver/Src/stm32f7xx_hal_rcc.o
 .debug_aranges
                0x0000000000000648       0x50 Drivers/STM32F7xx_HAL_Driver/Src/stm32f7xx_hal_rcc_ex.o
 .debug_aranges
                0x0000000000000698      0x1d8 Drivers/STM32F7xx_HAL_Driver/Src/stm32f7xx_hal_spi.o
 .debug_aranges
                0x0000000000000870      0x3b8 Drivers/STM32F7xx_HAL_Driver/Src/stm32f7xx_hal_tim.o
 .debug_aranges
                0x0000000000000c28      0x160 Drivers/STM32F7xx_HAL_Driver/Src/stm32f7xx_hal_tim_ex.o
 .debug_aranges
                0x0000000000000d88      0x210 Drivers/STM32F7xx_HAL_Driver/Src/stm32f7xx_hal_uart.o

.debug_ranges   0x0000000000000000      0xe50
 .debug_ranges  0x0000000000000000       0x10 Core/Src/dma.o
 .debug_ranges  0x0000000000000010       0x10 Core/Src/gpio.o
 .debug_ranges  0x0000000000000020       0x48 Core/Src/main.o
 .debug_ranges  0x0000000000000068       0x20 Core/Src/spi.o
 .debug_ranges  0x0000000000000088       0x10 Core/Src/stm32f7xx_hal_msp.o
 .debug_ranges  0x0000000000000098       0x88 Core/Src/stm32f7xx_it.o
 .debug_ranges  0x0000000000000120       0x18 Core/Src/system_stm32f7xx.o
 .debug_ranges  0x0000000000000138       0x28 Core/Src/tim.o
 .debug_ranges  0x0000000000000160       0x28 Core/Src/usart.o
 .debug_ranges  0x0000000000000188       0x20 Core/Startup/startup_stm32f732retx.o
 .debug_ranges  0x00000000000001a8       0xf0 Drivers/STM32F7xx_HAL_Driver/Src/stm32f7xx_hal.o
 .debug_ranges  0x0000000000000298      0x108 Drivers/STM32F7xx_HAL_Driver/Src/stm32f7xx_hal_cortex.o
 .debug_ranges  0x00000000000003a0       0x80 Drivers/STM32F7xx_HAL_Driver/Src/stm32f7xx_hal_dma.o
 .debug_ranges  0x0000000000000420       0x48 Drivers/STM32F7xx_HAL_Driver/Src/stm32f7xx_hal_gpio.o
 .debug_ranges  0x0000000000000468       0x70 Drivers/STM32F7xx_HAL_Driver/Src/stm32f7xx_hal_pwr_ex.o
 .debug_ranges  0x00000000000004d8       0x78 Drivers/STM32F7xx_HAL_Driver/Src/stm32f7xx_hal_rcc.o
 .debug_ranges  0x0000000000000550       0x40 Drivers/STM32F7xx_HAL_Driver/Src/stm32f7xx_hal_rcc_ex.o
 .debug_ranges  0x0000000000000590      0x1c8 Drivers/STM32F7xx_HAL_Driver/Src/stm32f7xx_hal_spi.o
 .debug_ranges  0x0000000000000758      0x3a8 Drivers/STM32F7xx_HAL_Driver/Src/stm32f7xx_hal_tim.o
 .debug_ranges  0x0000000000000b00      0x150 Drivers/STM32F7xx_HAL_Driver/Src/stm32f7xx_hal_tim_ex.o
 .debug_ranges  0x0000000000000c50      0x200 Drivers/STM32F7xx_HAL_Driver/Src/stm32f7xx_hal_uart.o

.debug_macro    0x0000000000000000    0x23b03
 .debug_macro   0x0000000000000000      0x210 Core/Src/dma.o
 .debug_macro   0x0000000000000210      0xa5a Core/Src/dma.o
 .debug_macro   0x0000000000000c6a      0x299 Core/Src/dma.o
 .debug_macro   0x0000000000000f03       0x2e Core/Src/dma.o
 .debug_macro   0x0000000000000f31       0x3b Core/Src/dma.o
 .debug_macro   0x0000000000000f6c       0x22 Core/Src/dma.o
 .debug_macro   0x0000000000000f8e       0x8e Core/Src/dma.o
 .debug_macro   0x000000000000101c       0x51 Core/Src/dma.o
 .debug_macro   0x000000000000106d       0xef Core/Src/dma.o
 .debug_macro   0x000000000000115c       0x6a Core/Src/dma.o
 .debug_macro   0x00000000000011c6      0x1df Core/Src/dma.o
 .debug_macro   0x00000000000013a5       0x1c Core/Src/dma.o
 .debug_macro   0x00000000000013c1       0x22 Core/Src/dma.o
 .debug_macro   0x00000000000013e3       0xdf Core/Src/dma.o
 .debug_macro   0x00000000000014c2     0x12cd Core/Src/dma.o
 .debug_macro   0x000000000000278f      0x11f Core/Src/dma.o
 .debug_macro   0x00000000000028ae       0x19 Core/Src/dma.o
 .debug_macro   0x00000000000028c7    0x16011 Core/Src/dma.o
 .debug_macro   0x00000000000188d8       0x43 Core/Src/dma.o
 .debug_macro   0x000000000001891b     0x36b4 Core/Src/dma.o
 .debug_macro   0x000000000001bfcf      0x174 Core/Src/dma.o
 .debug_macro   0x000000000001c143       0x61 Core/Src/dma.o
 .debug_macro   0x000000000001c1a4     0x15ce Core/Src/dma.o
 .debug_macro   0x000000000001d772      0x6c4 Core/Src/dma.o
 .debug_macro   0x000000000001de36      0x17e Core/Src/dma.o
 .debug_macro   0x000000000001dfb4      0x117 Core/Src/dma.o
 .debug_macro   0x000000000001e0cb      0x1d8 Core/Src/dma.o
 .debug_macro   0x000000000001e2a3       0x27 Core/Src/dma.o
 .debug_macro   0x000000000001e2ca      0x24f Core/Src/dma.o
 .debug_macro   0x000000000001e519       0x71 Core/Src/dma.o
 .debug_macro   0x000000000001e58a       0x58 Core/Src/dma.o
 .debug_macro   0x000000000001e5e2      0x236 Core/Src/dma.o
 .debug_macro   0x000000000001e818      0x154 Core/Src/dma.o
 .debug_macro   0x000000000001e96c      0x2c4 Core/Src/dma.o
 .debug_macro   0x000000000001ec30       0x12 Core/Src/dma.o
 .debug_macro   0x000000000001ec42      0x22c Core/Src/dma.o
 .debug_macro   0x000000000001ee6e       0x61 Core/Src/dma.o
 .debug_macro   0x000000000001eecf       0xa5 Core/Src/dma.o
 .debug_macro   0x000000000001ef74      0x12f Core/Src/dma.o
 .debug_macro   0x000000000001f0a3      0x108 Core/Src/dma.o
 .debug_macro   0x000000000001f1ab       0x35 Core/Src/dma.o
 .debug_macro   0x000000000001f1e0      0x2fe Core/Src/dma.o
 .debug_macro   0x000000000001f4de      0xa2f Core/Src/dma.o
 .debug_macro   0x000000000001ff0d       0x59 Core/Src/dma.o
 .debug_macro   0x000000000001ff66      0x53c Core/Src/dma.o
 .debug_macro   0x00000000000204a2       0x44 Core/Src/dma.o
 .debug_macro   0x00000000000204e6      0x14e Core/Src/dma.o
 .debug_macro   0x0000000000020634       0x28 Core/Src/dma.o
 .debug_macro   0x000000000002065c      0x210 Core/Src/gpio.o
 .debug_macro   0x000000000002086c      0x3b1 Core/Src/main.o
 .debug_macro   0x0000000000020c1d       0x46 Core/Src/main.o
 .debug_macro   0x0000000000020c63       0x18 Core/Src/main.o
 .debug_macro   0x0000000000020c7b       0x3c Core/Src/main.o
 .debug_macro   0x0000000000020cb7       0x34 Core/Src/main.o
 .debug_macro   0x0000000000020ceb       0x16 Core/Src/main.o
 .debug_macro   0x0000000000020d01       0x35 Core/Src/main.o
 .debug_macro   0x0000000000020d36      0x32a Core/Src/main.o
 .debug_macro   0x0000000000021060       0x10 Core/Src/main.o
 .debug_macro   0x0000000000021070       0x52 Core/Src/main.o
 .debug_macro   0x00000000000210c2       0x1f Core/Src/main.o
 .debug_macro   0x00000000000210e1       0x43 Core/Src/main.o
 .debug_macro   0x0000000000021124       0x20 Core/Src/main.o
 .debug_macro   0x0000000000021144      0x1a3 Core/Src/main.o
 .debug_macro   0x00000000000212e7       0x10 Core/Src/main.o
 .debug_macro   0x00000000000212f7       0x1c Core/Src/main.o
 .debug_macro   0x0000000000021313       0x52 Core/Src/main.o
 .debug_macro   0x0000000000021365       0x40 Core/Src/main.o
 .debug_macro   0x00000000000213a5       0x10 Core/Src/main.o
 .debug_macro   0x00000000000213b5       0x40 Core/Src/main.o
 .debug_macro   0x00000000000213f5       0xd7 Core/Src/main.o
 .debug_macro   0x00000000000214cc       0x1c Core/Src/main.o
 .debug_macro   0x00000000000214e8       0x3d Core/Src/main.o
 .debug_macro   0x0000000000021525       0x16 Core/Src/main.o
 .debug_macro   0x000000000002153b      0x145 Core/Src/main.o
 .debug_macro   0x0000000000021680      0x1e1 Core/Src/main.o
 .debug_macro   0x0000000000021861      0x210 Core/Src/spi.o
 .debug_macro   0x0000000000021a71      0x206 Core/Src/stm32f7xx_hal_msp.o
 .debug_macro   0x0000000000021c77      0x210 Core/Src/stm32f7xx_it.o
 .debug_macro   0x0000000000021e87      0x1fd Core/Src/system_stm32f7xx.o
 .debug_macro   0x0000000000022084      0x210 Core/Src/tim.o
 .debug_macro   0x0000000000022294      0x210 Core/Src/usart.o
 .debug_macro   0x00000000000224a4      0x21b Drivers/STM32F7xx_HAL_Driver/Src/stm32f7xx_hal.o
 .debug_macro   0x00000000000226bf      0x1f7 Drivers/STM32F7xx_HAL_Driver/Src/stm32f7xx_hal_cortex.o
 .debug_macro   0x00000000000228b6      0x1fd Drivers/STM32F7xx_HAL_Driver/Src/stm32f7xx_hal_dma.o
 .debug_macro   0x0000000000022ab3      0x22d Drivers/STM32F7xx_HAL_Driver/Src/stm32f7xx_hal_gpio.o
 .debug_macro   0x0000000000022ce0      0x20f Drivers/STM32F7xx_HAL_Driver/Src/stm32f7xx_hal_pwr_ex.o
 .debug_macro   0x0000000000022eef      0x21b Drivers/STM32F7xx_HAL_Driver/Src/stm32f7xx_hal_rcc.o
 .debug_macro   0x000000000002310a      0x1f7 Drivers/STM32F7xx_HAL_Driver/Src/stm32f7xx_hal_rcc_ex.o
 .debug_macro   0x0000000000023301      0x1ff Drivers/STM32F7xx_HAL_Driver/Src/stm32f7xx_hal_spi.o
 .debug_macro   0x0000000000023500      0x1f8 Drivers/STM32F7xx_HAL_Driver/Src/stm32f7xx_hal_tim.o
 .debug_macro   0x00000000000236f8      0x1f7 Drivers/STM32F7xx_HAL_Driver/Src/stm32f7xx_hal_tim_ex.o
 .debug_macro   0x00000000000238ef      0x214 Drivers/STM32F7xx_HAL_Driver/Src/stm32f7xx_hal_uart.o

.debug_line     0x0000000000000000     0xd46c
 .debug_line    0x0000000000000000      0x71b Core/Src/dma.o
 .debug_line    0x000000000000071b      0x744 Core/Src/gpio.o
 .debug_line    0x0000000000000e5f      0xa42 Core/Src/main.o
 .debug_line    0x00000000000018a1      0x753 Core/Src/spi.o
 .debug_line    0x0000000000001ff4      0x71d Core/Src/stm32f7xx_hal_msp.o
 .debug_line    0x0000000000002711      0x83f Core/Src/stm32f7xx_it.o
 .debug_line    0x0000000000002f50      0x736 Core/Src/system_stm32f7xx.o
 .debug_line    0x0000000000003686      0x779 Core/Src/tim.o
 .debug_line    0x0000000000003dff      0x7a8 Core/Src/usart.o
 .debug_line    0x00000000000045a7       0x85 Core/Startup/startup_stm32f732retx.o
 .debug_line    0x000000000000462c      0x945 Drivers/STM32F7xx_HAL_Driver/Src/stm32f7xx_hal.o
 .debug_line    0x0000000000004f71      0xa46 Drivers/STM32F7xx_HAL_Driver/Src/stm32f7xx_hal_cortex.o
 .debug_line    0x00000000000059b7      0x9f1 Drivers/STM32F7xx_HAL_Driver/Src/stm32f7xx_hal_dma.o
 .debug_line    0x00000000000063a8      0x902 Drivers/STM32F7xx_HAL_Driver/Src/stm32f7xx_hal_gpio.o
 .debug_line    0x0000000000006caa      0x866 Drivers/STM32F7xx_HAL_Driver/Src/stm32f7xx_hal_pwr_ex.o
 .debug_line    0x0000000000007510      0x9bb Drivers/STM32F7xx_HAL_Driver/Src/stm32f7xx_hal_rcc.o
 .debug_line    0x0000000000007ecb      0x90e Drivers/STM32F7xx_HAL_Driver/Src/stm32f7xx_hal_rcc_ex.o
 .debug_line    0x00000000000087d9     0x1198 Drivers/STM32F7xx_HAL_Driver/Src/stm32f7xx_hal_spi.o
 .debug_line    0x0000000000009971     0x1a62 Drivers/STM32F7xx_HAL_Driver/Src/stm32f7xx_hal_tim.o
 .debug_line    0x000000000000b3d3      0xdcd Drivers/STM32F7xx_HAL_Driver/Src/stm32f7xx_hal_tim_ex.o
 .debug_line    0x000000000000c1a0     0x12cc Drivers/STM32F7xx_HAL_Driver/Src/stm32f7xx_hal_uart.o

.debug_str      0x0000000000000000    0xde500
 .debug_str     0x0000000000000000    0xd5826 Core/Src/dma.o
                                      0xd5f28 (size before relaxing)
 .debug_str     0x00000000000d5826       0xb9 Core/Src/gpio.o
                                      0xd5fc8 (size before relaxing)
 .debug_str     0x00000000000d58df     0x55ab Core/Src/main.o
                                      0xdb1c2 (size before relaxing)
 .debug_str     0x00000000000dae8a       0x4b Core/Src/spi.o
                                      0xd5f26 (size before relaxing)
 .debug_str     0x00000000000daed5       0x2c Core/Src/stm32f7xx_hal_msp.o
                                      0xd5a13 (size before relaxing)
 .debug_str     0x00000000000daf01      0x167 Core/Src/stm32f7xx_it.o
                                      0xd6093 (size before relaxing)
 .debug_str     0x00000000000db068      0x18d Core/Src/system_stm32f7xx.o
                                      0xd5aa6 (size before relaxing)
 .debug_str     0x00000000000db1f5      0x119 Core/Src/tim.o
                                      0xd64c2 (size before relaxing)
 .debug_str     0x00000000000db30e       0x6b Core/Src/usart.o
                                      0xd646d (size before relaxing)
 .debug_str     0x00000000000db379       0x36 Core/Startup/startup_stm32f732retx.o
                                         0x75 (size before relaxing)
 .debug_str     0x00000000000db3af      0x38c Drivers/STM32F7xx_HAL_Driver/Src/stm32f7xx_hal.o
                                      0xd62cf (size before relaxing)
 .debug_str     0x00000000000db73b      0x38f Drivers/STM32F7xx_HAL_Driver/Src/stm32f7xx_hal_cortex.o
                                      0xd6376 (size before relaxing)
 .debug_str     0x00000000000dbaca      0x328 Drivers/STM32F7xx_HAL_Driver/Src/stm32f7xx_hal_dma.o
                                      0xd5de0 (size before relaxing)
 .debug_str     0x00000000000dbdf2      0x224 Drivers/STM32F7xx_HAL_Driver/Src/stm32f7xx_hal_gpio.o
                                      0xd5c7c (size before relaxing)
 .debug_str     0x00000000000dc016      0x1d1 Drivers/STM32F7xx_HAL_Driver/Src/stm32f7xx_hal_pwr_ex.o
                                      0xd5d20 (size before relaxing)
 .debug_str     0x00000000000dc1e7      0x27f Drivers/STM32F7xx_HAL_Driver/Src/stm32f7xx_hal_rcc.o
                                      0xd5dc8 (size before relaxing)
 .debug_str     0x00000000000dc466      0x159 Drivers/STM32F7xx_HAL_Driver/Src/stm32f7xx_hal_rcc_ex.o
                                      0xd5d48 (size before relaxing)
 .debug_str     0x00000000000dc5bf      0x577 Drivers/STM32F7xx_HAL_Driver/Src/stm32f7xx_hal_spi.o
                                      0xd6260 (size before relaxing)
 .debug_str     0x00000000000dcb36      0xd0e Drivers/STM32F7xx_HAL_Driver/Src/stm32f7xx_hal_tim.o
                                      0xd6b32 (size before relaxing)
 .debug_str     0x00000000000dd844      0x504 Drivers/STM32F7xx_HAL_Driver/Src/stm32f7xx_hal_tim_ex.o
                                      0xd6385 (size before relaxing)
 .debug_str     0x00000000000ddd48      0x7b8 Drivers/STM32F7xx_HAL_Driver/Src/stm32f7xx_hal_uart.o
                                      0xd6605 (size before relaxing)

.comment        0x0000000000000000       0x7b
 .comment       0x0000000000000000       0x7b Core/Src/dma.o
                                         0x7c (size before relaxing)
 .comment       0x000000000000007b       0x7c Core/Src/gpio.o
 .comment       0x000000000000007b       0x7c Core/Src/main.o
 .comment       0x000000000000007b       0x7c Core/Src/spi.o
 .comment       0x000000000000007b       0x7c Core/Src/stm32f7xx_hal_msp.o
 .comment       0x000000000000007b       0x7c Core/Src/stm32f7xx_it.o
 .comment       0x000000000000007b       0x7c Core/Src/system_stm32f7xx.o
 .comment       0x000000000000007b       0x7c Core/Src/tim.o
 .comment       0x000000000000007b       0x7c Core/Src/usart.o
 .comment       0x000000000000007b       0x7c Drivers/STM32F7xx_HAL_Driver/Src/stm32f7xx_hal.o
 .comment       0x000000000000007b       0x7c Drivers/STM32F7xx_HAL_Driver/Src/stm32f7xx_hal_cortex.o
 .comment       0x000000000000007b       0x7c Drivers/STM32F7xx_HAL_Driver/Src/stm32f7xx_hal_dma.o
 .comment       0x000000000000007b       0x7c Drivers/STM32F7xx_HAL_Driver/Src/stm32f7xx_hal_gpio.o
 .comment       0x000000000000007b       0x7c Drivers/STM32F7xx_HAL_Driver/Src/stm32f7xx_hal_pwr_ex.o
 .comment       0x000000000000007b       0x7c Drivers/STM32F7xx_HAL_Driver/Src/stm32f7xx_hal_rcc.o
 .comment       0x000000000000007b       0x7c Drivers/STM32F7xx_HAL_Driver/Src/stm32f7xx_hal_rcc_ex.o
 .comment       0x000000000000007b       0x7c Drivers/STM32F7xx_HAL_Driver/Src/stm32f7xx_hal_spi.o
 .comment       0x000000000000007b       0x7c Drivers/STM32F7xx_HAL_Driver/Src/stm32f7xx_hal_tim.o
 .comment       0x000000000000007b       0x7c Drivers/STM32F7xx_HAL_Driver/Src/stm32f7xx_hal_tim_ex.o
 .comment       0x000000000000007b       0x7c Drivers/STM32F7xx_HAL_Driver/Src/stm32f7xx_hal_uart.o

.debug_frame    0x0000000000000000     0x4258
 .debug_frame   0x0000000000000000       0x34 Core/Src/dma.o
 .debug_frame   0x0000000000000034       0x34 Core/Src/gpio.o
 .debug_frame   0x0000000000000068      0x138 Core/Src/main.o
 .debug_frame   0x00000000000001a0       0x74 Core/Src/spi.o
 .debug_frame   0x0000000000000214       0x38 Core/Src/stm32f7xx_hal_msp.o
 .debug_frame   0x000000000000024c      0x1d0 Core/Src/stm32f7xx_it.o
 .debug_frame   0x000000000000041c       0x58 Core/Src/system_stm32f7xx.o
 .debug_frame   0x0000000000000474       0xa0 Core/Src/tim.o
 .debug_frame   0x0000000000000514       0x90 Core/Src/usart.o
 .debug_frame   0x00000000000005a4      0x3b4 Drivers/STM32F7xx_HAL_Driver/Src/stm32f7xx_hal.o
 .debug_frame   0x0000000000000958      0x498 Drivers/STM32F7xx_HAL_Driver/Src/stm32f7xx_hal_cortex.o
 .debug_frame   0x0000000000000df0      0x250 Drivers/STM32F7xx_HAL_Driver/Src/stm32f7xx_hal_dma.o
 .debug_frame   0x0000000000001040      0x14c Drivers/STM32F7xx_HAL_Driver/Src/stm32f7xx_hal_gpio.o
 .debug_frame   0x000000000000118c      0x1c8 Drivers/STM32F7xx_HAL_Driver/Src/stm32f7xx_hal_pwr_ex.o
 .debug_frame   0x0000000000001354      0x1f4 Drivers/STM32F7xx_HAL_Driver/Src/stm32f7xx_hal_rcc.o
 .debug_frame   0x0000000000001548      0x118 Drivers/STM32F7xx_HAL_Driver/Src/stm32f7xx_hal_rcc_ex.o
 .debug_frame   0x0000000000001660      0x860 Drivers/STM32F7xx_HAL_Driver/Src/stm32f7xx_hal_spi.o
 .debug_frame   0x0000000000001ec0     0x1144 Drivers/STM32F7xx_HAL_Driver/Src/stm32f7xx_hal_tim.o
 .debug_frame   0x0000000000003004      0x610 Drivers/STM32F7xx_HAL_Driver/Src/stm32f7xx_hal_tim_ex.o
 .debug_frame   0x0000000000003614      0x96c Drivers/STM32F7xx_HAL_Driver/Src/stm32f7xx_hal_uart.o
 .debug_frame   0x0000000000003f80       0x2c c:/st/stm32cubeide_1.4.0/stm32cubeide/plugins/com.st.stm32cube.ide.mcu.externaltools.gnu-tools-for-stm32.7-2018-q2-update.win32_1.4.0.202007081208/tools/bin/../lib/gcc/arm-none-eabi/7.3.1/../../../../arm-none-eabi/lib/thumb/v7e-m/fpv4-sp/hard\libc_nano.a(lib_a-init.o)
 .debug_frame   0x0000000000003fac       0x20 c:/st/stm32cubeide_1.4.0/stm32cubeide/plugins/com.st.stm32cube.ide.mcu.externaltools.gnu-tools-for-stm32.7-2018-q2-update.win32_1.4.0.202007081208/tools/bin/../lib/gcc/arm-none-eabi/7.3.1/../../../../arm-none-eabi/lib/thumb/v7e-m/fpv4-sp/hard\libc_nano.a(lib_a-memset.o)
 .debug_frame   0x0000000000003fcc       0x44 c:/st/stm32cubeide_1.4.0/stm32cubeide/plugins/com.st.stm32cube.ide.mcu.externaltools.gnu-tools-for-stm32.7-2018-q2-update.win32_1.4.0.202007081208/tools/bin/../lib/gcc/arm-none-eabi/7.3.1/../../../../arm-none-eabi/lib/thumb/v7e-m/fpv4-sp/hard\libm.a(lib_a-s_fmin.o)
 .debug_frame   0x0000000000004010       0x28 c:/st/stm32cubeide_1.4.0/stm32cubeide/plugins/com.st.stm32cube.ide.mcu.externaltools.gnu-tools-for-stm32.7-2018-q2-update.win32_1.4.0.202007081208/tools/bin/../lib/gcc/arm-none-eabi/7.3.1/../../../../arm-none-eabi/lib/thumb/v7e-m/fpv4-sp/hard\libm.a(lib_a-s_fpclassify.o)
 .debug_frame   0x0000000000004038       0xac c:/st/stm32cubeide_1.4.0/stm32cubeide/plugins/com.st.stm32cube.ide.mcu.externaltools.gnu-tools-for-stm32.7-2018-q2-update.win32_1.4.0.202007081208/tools/bin/../lib/gcc/arm-none-eabi/7.3.1/thumb/v7e-m/fpv4-sp/hard\libgcc.a(_arm_addsubdf3.o)
 .debug_frame   0x00000000000040e4       0x50 c:/st/stm32cubeide_1.4.0/stm32cubeide/plugins/com.st.stm32cube.ide.mcu.externaltools.gnu-tools-for-stm32.7-2018-q2-update.win32_1.4.0.202007081208/tools/bin/../lib/gcc/arm-none-eabi/7.3.1/thumb/v7e-m/fpv4-sp/hard\libgcc.a(_arm_muldivdf3.o)
 .debug_frame   0x0000000000004134       0xc4 c:/st/stm32cubeide_1.4.0/stm32cubeide/plugins/com.st.stm32cube.ide.mcu.externaltools.gnu-tools-for-stm32.7-2018-q2-update.win32_1.4.0.202007081208/tools/bin/../lib/gcc/arm-none-eabi/7.3.1/thumb/v7e-m/fpv4-sp/hard\libgcc.a(_arm_cmpdf2.o)
 .debug_frame   0x00000000000041f8       0x2c c:/st/stm32cubeide_1.4.0/stm32cubeide/plugins/com.st.stm32cube.ide.mcu.externaltools.gnu-tools-for-stm32.7-2018-q2-update.win32_1.4.0.202007081208/tools/bin/../lib/gcc/arm-none-eabi/7.3.1/thumb/v7e-m/fpv4-sp/hard\libgcc.a(_aeabi_uldivmod.o)
 .debug_frame   0x0000000000004224       0x34 c:/st/stm32cubeide_1.4.0/stm32cubeide/plugins/com.st.stm32cube.ide.mcu.externaltools.gnu-tools-for-stm32.7-2018-q2-update.win32_1.4.0.202007081208/tools/bin/../lib/gcc/arm-none-eabi/7.3.1/thumb/v7e-m/fpv4-sp/hard\libgcc.a(_udivmoddi4.o)
